Archive member included to satisfy reference by file (symbol)

app/libapp.a(main.c.obj)      (--whole-archive)
zephyr/libzephyr.a(heap.c.obj)
                              (--whole-archive)
zephyr/libzephyr.a(cbprintf_packaged.c.obj)
                              (--whole-archive)
zephyr/libzephyr.a(clock.c.obj)
                              (--whole-archive)
zephyr/libzephyr.a(printk.c.obj)
                              (--whole-archive)
zephyr/libzephyr.a(sem.c.obj)
                              (--whole-archive)
zephyr/libzephyr.a(thread_entry.c.obj)
                              (--whole-archive)
zephyr/libzephyr.a(cbprintf_complete.c.obj)
                              (--whole-archive)
zephyr/libzephyr.a(cbprintf.c.obj)
                              (--whole-archive)
zephyr/libzephyr.a(assert.c.obj)
                              (--whole-archive)
zephyr/libzephyr.a(mpsc_pbuf.c.obj)
                              (--whole-archive)
zephyr/libzephyr.a(dec.c.obj)
                              (--whole-archive)
zephyr/libzephyr.a(hex.c.obj)
                              (--whole-archive)
zephyr/libzephyr.a(rb.c.obj)  (--whole-archive)
zephyr/libzephyr.a(timeutil.c.obj)
                              (--whole-archive)
zephyr/libzephyr.a(bitarray.c.obj)
                              (--whole-archive)
zephyr/libzephyr.a(ring_buffer.c.obj)
                              (--whole-archive)
zephyr/libzephyr.a(last_section_id.c.obj)
                              (--whole-archive)
zephyr/libzephyr.a(configs.c.obj)
                              (--whole-archive)
zephyr/libzephyr.a(soc.c.obj)
                              (--whole-archive)
zephyr/libzephyr.a(log_core.c.obj)
                              (--whole-archive)
zephyr/libzephyr.a(log_mgmt.c.obj)
                              (--whole-archive)
zephyr/libzephyr.a(log_cache.c.obj)
                              (--whole-archive)
zephyr/libzephyr.a(log_msg.c.obj)
                              (--whole-archive)
zephyr/libzephyr.a(log_output.c.obj)
                              (--whole-archive)
zephyr/libzephyr.a(log_backend_uart.c.obj)
                              (--whole-archive)
zephyr/libzephyr.a(tracing_none.c.obj)
                              (--whole-archive)
zephyr/arch/common/libarch__common.a(sw_isr_common.c.obj)
                              (--whole-archive)
zephyr/arch/arch/arm/core/libarch__arm__core.a(fatal.c.obj)
                              (--whole-archive)
zephyr/arch/arch/arm/core/libarch__arm__core.a(nmi.c.obj)
                              (--whole-archive)
zephyr/arch/arch/arm/core/libarch__arm__core.a(nmi_on_reset.S.obj)
                              (--whole-archive)
zephyr/arch/arch/arm/core/cortex_m/libarch__arm__core__cortex_m.a(exc_exit.c.obj)
                              (--whole-archive)
zephyr/arch/arch/arm/core/cortex_m/libarch__arm__core__cortex_m.a(fault.c.obj)
                              (--whole-archive)
zephyr/arch/arch/arm/core/cortex_m/libarch__arm__core__cortex_m.a(fault_s.S.obj)
                              (--whole-archive)
zephyr/arch/arch/arm/core/cortex_m/libarch__arm__core__cortex_m.a(fpu.c.obj)
                              (--whole-archive)
zephyr/arch/arch/arm/core/cortex_m/libarch__arm__core__cortex_m.a(reset.S.obj)
                              (--whole-archive)
zephyr/arch/arch/arm/core/cortex_m/libarch__arm__core__cortex_m.a(scb.c.obj)
                              (--whole-archive)
zephyr/arch/arch/arm/core/cortex_m/libarch__arm__core__cortex_m.a(thread_abort.c.obj)
                              (--whole-archive)
zephyr/arch/arch/arm/core/cortex_m/libarch__arm__core__cortex_m.a(vector_table.S.obj)
                              (--whole-archive)
zephyr/arch/arch/arm/core/cortex_m/libarch__arm__core__cortex_m.a(swap_helper.S.obj)
                              (--whole-archive)
zephyr/arch/arch/arm/core/cortex_m/libarch__arm__core__cortex_m.a(irq_manage.c.obj)
                              (--whole-archive)
zephyr/arch/arch/arm/core/cortex_m/libarch__arm__core__cortex_m.a(prep_c.c.obj)
                              (--whole-archive)
zephyr/arch/arch/arm/core/cortex_m/libarch__arm__core__cortex_m.a(thread.c.obj)
                              (--whole-archive)
zephyr/arch/arch/arm/core/cortex_m/libarch__arm__core__cortex_m.a(cpu_idle.c.obj)
                              (--whole-archive)
zephyr/arch/arch/arm/core/cortex_m/libarch__arm__core__cortex_m.a(irq_init.c.obj)
                              (--whole-archive)
zephyr/arch/arch/arm/core/cortex_m/libarch__arm__core__cortex_m.a(isr_wrapper.c.obj)
                              (--whole-archive)
zephyr/arch/arch/arm/core/cortex_m/cmse/libarch__arm__core__cortex_m__cmse.a(arm_core_cmse.c.obj)
                              (--whole-archive)
zephyr/lib/libc/newlib/liblib__libc__newlib.a(libc-hooks.c.obj)
                              (--whole-archive)
zephyr/lib/libc/common/liblib__libc__common.a(abort.c.obj)
                              (--whole-archive)
[...]
Memory Configuration

Name             Origin             Length             Attributes
IMAGE_DEF_FLASH  0x0000000010000000 0x0000000000000080 r
FLASH            0x0000000010000100 0x00000000003fff00 xr
RAM              0x0000000020000000 0x0000000000082000 xw
IDT_LIST         0x00000000ffff7fff 0x0000000000008000 xw
*default*        0x0000000000000000 0xffffffffffffffff

Linker script and memory map

LOAD zephyr/CMakeFiles/zephyr_final.dir/misc/empty_file.c.obj
LOAD zephyr/CMakeFiles/zephyr_final.dir/isr_tables.c.obj
LOAD zephyr/CMakeFiles/offsets.dir/./arch/arm/core/offsets/offsets.c.obj
LOAD app/libapp.a
LOAD zephyr/libzephyr.a
LOAD zephyr/arch/common/libarch__common.a
LOAD zephyr/arch/arch/arm/core/libarch__arm__core.a
LOAD zephyr/arch/arch/arm/core/cortex_m/libarch__arm__core__cortex_m.a
LOAD zephyr/arch/arch/arm/core/cortex_m/cmse/libarch__arm__core__cortex_m__cmse.a
LOAD zephyr/lib/libc/newlib/liblib__libc__newlib.a
LOAD zephyr/lib/libc/common/liblib__libc__common.a
LOAD zephyr/soc/soc/rp2350a/rp2350/libsoc__raspberrypi__rpi_pico__rp2350.a
LOAD zephyr/drivers/adc/libdrivers__adc.a
LOAD zephyr/drivers/clock_control/libdrivers__clock_control.a
LOAD zephyr/drivers/console/libdrivers__console.a
LOAD zephyr/drivers/gpio/libdrivers__gpio.a
LOAD zephyr/drivers/i2c/libdrivers__i2c.a
LOAD zephyr/drivers/pinctrl/libdrivers__pinctrl.a
LOAD zephyr/drivers/reset/libdrivers__reset.a
LOAD zephyr/drivers/serial/libdrivers__serial.a
LOAD zephyr/drivers/timer/libdrivers__timer.a
LOAD modules/hal_rpi_pico/libmodules__hal_rpi_pico.a
LOAD zephyr/kernel/libkernel.a
LOAD zephyr/arch/common/libisr_tables.a
LOAD /Users/anuj/untitled folder/zephyr-sdk-0.17.4/arm-zephyr-eabi/arm-zephyr-eabi/lib/thumb/v8-m.main+fp/hard/libm.a
LOAD /Users/anuj/untitled folder/zephyr-sdk-0.17.4/arm-zephyr-eabi/arm-zephyr-eabi/lib/thumb/v8-m.main+fp/hard/libc.a
LOAD /Users/anuj/untitled folder/zephyr-sdk-0.17.4/arm-zephyr-eabi/bin/../lib/gcc/arm-zephyr-eabi/12.2.0/thumb/v8-m.main+fp/hard/libgcc.a
LOAD /Users/anuj/untitled folder/zephyr-sdk-0.17.4/arm-zephyr-eabi/arm-zephyr-eabi/lib/thumb/v8-m.main+fp/hard/libc.a

.image_def      0x0000000010000000       0x1c
                0x0000000010000000        0x4 LONG 0xffffded3
                0x0000000010000004        0x4 LONG 0x10210142
                0x0000000010000008        0x4 LONG 0x203
                0x000000001000000c        0x4 LONG 0x10000200 ABSOLUTE (_vector_start)
                0x0000000010000010        0x4 LONG 0x3ff
                0x0000000010000014        0x4 LONG 0x0
                0x0000000010000018        0x4 LONG 0xab123579
                0x0000000000000004                _region_min_align = 0x4

.rel.plt        0x000000001000001c        0x0
 *(SORT_BY_ALIGNMENT(.rel.plt))
                [!provide]                        PROVIDE (__rel_iplt_start = .)
 *(SORT_BY_ALIGNMENT(.rel.iplt))
 .rel.iplt      0x000000001000001c        0x0 zephyr/CMakeFiles/zephyr_final.dir/isr_tables.c.obj
                [!provide]                        PROVIDE (__rel_iplt_end = .)

.rela.plt       0x000000001000001c        0x0
 *(SORT_BY_ALIGNMENT(.rela.plt))
                [!provide]                        PROVIDE (__rela_iplt_start = .)
 *(SORT_BY_ALIGNMENT(.rela.iplt))
                [!provide]                        PROVIDE (__rela_iplt_end = .)

.rel.dyn
 *(SORT_BY_ALIGNMENT(.rel.*))

.rela.dyn
 *(SORT_BY_ALIGNMENT(.rela.*))

/DISCARD/
 *(SORT_BY_ALIGNMENT(.plt))

/DISCARD/
 *(SORT_BY_ALIGNMENT(.iplt))
                0x0000000010000100                __rom_region_start = 0x10000100

rom_start       0x0000000010000100      0x210
                0x0000000010000100                __rom_start_address = .
 FILL mask 0x00
                0x0000000010000100                . = (. + (0x0 - (. - __rom_start_address)))
                0x0000000010000100                . = ALIGN (0x4)
                0x0000000010000100                . = ALIGN (0x80)
                0x0000000010000200                . = ALIGN (0x200)
 *fill*         0x0000000010000100      0x100 00
                0x0000000010000200                _vector_start = .
 *(SORT_BY_ALIGNMENT(.exc_vector_table))
 *(SORT_BY_ALIGNMENT(.exc_vector_table.*))
 .exc_vector_table._vector_table_section
                0x0000000010000200       0x40 zephyr/arch/arch/arm/core/cortex_m/libarch__arm__core__cortex_m.a(vector_table.S.obj)
                0x0000000010000200                _vector_table
 *(SORT_BY_ALIGNMENT(.vectors))
                0x0000000010000310                _vector_end = .
                0x0000000010000240                . = ALIGN (0x4)
 *(SORT_BY_ALIGNMENT(.gnu.linkonce.irq_vector_table*))
 .gnu.linkonce.irq_vector_table
                0x0000000010000240       0xd0 zephyr/CMakeFiles/zephyr_final.dir/isr_tables.c.obj
                0x0000000010000240                _irq_vector_table
                0x0000000010000310                _vector_end = .

text            0x0000000010000310     0xd824
                0x0000000010000310                __text_region_start = .
 *(SORT_BY_ALIGNMENT(.text))
 .text          0x0000000010000310       0xec /Users/anuj/untitled folder/zephyr-sdk-0.17.4/arm-zephyr-eabi/arm-zephyr-eabi/lib/thumb/v8-m.main+fp/hard/libc.a(lib_a-memcpy.o)
                0x0000000010000310                memcpy
 .text          0x00000000100003fc      0x378 /Users/anuj/untitled folder/zephyr-sdk-0.17.4/arm-zephyr-eabi/bin/../lib/gcc/arm-zephyr-eabi/12.2.0/thumb/v8-m.main+fp/hard/libgcc.a(_arm_addsubdf3.o)
                0x00000000100003fc                __aeabi_drsub
                0x0000000010000404                __subdf3
                0x0000000010000404                __aeabi_dsub
                0x0000000010000408                __aeabi_dadd
                0x0000000010000408                __adddf3
                0x0000000010000680                __aeabi_ui2d
                0x0000000010000680                __floatunsidf
                0x00000000100006a0                __floatsidf
                0x00000000100006a0                __aeabi_i2d
                0x00000000100006c4                __extendsfdf2
                0x00000000100006c4                __aeabi_f2d
                0x0000000010000708                __aeabi_ul2d
                0x0000000010000708                __floatundidf
                0x0000000010000718                __aeabi_l2d
                0x0000000010000718                __floatdidf
 .text          0x0000000010000774      0x424 /Users/anuj/untitled folder/zephyr-sdk-0.17.4/arm-zephyr-eabi/bin/../lib/gcc/arm-zephyr-eabi/12.2.0/thumb/v8-m.main+fp/hard/libgcc.a(_arm_muldivdf3.o)
                0x0000000010000774                __aeabi_dmul
                0x0000000010000774                __muldf3
                0x00000000100009c8                __aeabi_ddiv
                0x00000000100009c8                __divdf3
 .text          0x0000000010000b98      0x110 /Users/anuj/untitled folder/zephyr-sdk-0.17.4/arm-zephyr-eabi/bin/../lib/gcc/arm-zephyr-eabi/12.2.0/thumb/v8-m.main+fp/hard/libgcc.a(_arm_cmpdf2.o)
                0x0000000010000b98                __gedf2
                0x0000000010000b98                __gtdf2
                0x0000000010000ba0                __ledf2
                0x0000000010000ba0                __ltdf2
                0x0000000010000ba8                __cmpdf2
                0x0000000010000ba8                __eqdf2
                0x0000000010000ba8                __nedf2
                0x0000000010000c24                __aeabi_cdrcmple
                0x0000000010000c34                __aeabi_cdcmple
                0x0000000010000c34                __aeabi_cdcmpeq
                0x0000000010000c44                __aeabi_dcmpeq
                0x0000000010000c58                __aeabi_dcmplt
                0x0000000010000c6c                __aeabi_dcmple
                0x0000000010000c80                __aeabi_dcmpge
                0x0000000010000c94                __aeabi_dcmpgt
 .text          0x0000000010000ca8       0x2c /Users/anuj/untitled folder/zephyr-sdk-0.17.4/arm-zephyr-eabi/bin/../lib/gcc/arm-zephyr-eabi/12.2.0/thumb/v8-m.main+fp/hard/libgcc.a(_arm_unorddf2.o)
                0x0000000010000ca8                __aeabi_dcmpun
                0x0000000010000ca8                __unorddf2
 .text          0x0000000010000cd4       0x50 /Users/anuj/untitled folder/zephyr-sdk-0.17.4/arm-zephyr-eabi/bin/../lib/gcc/arm-zephyr-eabi/12.2.0/thumb/v8-m.main+fp/hard/libgcc.a(_arm_fixdfsi.o)
                0x0000000010000cd4                __fixdfsi
                0x0000000010000cd4                __aeabi_d2iz
 .text          0x0000000010000d24       0x30 /Users/anuj/untitled folder/zephyr-sdk-0.17.4/arm-zephyr-eabi/bin/../lib/gcc/arm-zephyr-eabi/12.2.0/thumb/v8-m.main+fp/hard/libgcc.a(_aeabi_uldivmod.o)
                0x0000000010000d24                __aeabi_uldivmod
 .text          0x0000000010000d54        0x4 /Users/anuj/untitled folder/zephyr-sdk-0.17.4/arm-zephyr-eabi/bin/../lib/gcc/arm-zephyr-eabi/12.2.0/thumb/v8-m.main+fp/hard/libgcc.a(_dvmd_tls.o)
                0x0000000010000d54                __aeabi_ldiv0
                0x0000000010000d54                __aeabi_idiv0
 .text          0x0000000010000d58      0x29c /Users/anuj/untitled folder/zephyr-sdk-0.17.4/arm-zephyr-eabi/bin/../lib/gcc/arm-zephyr-eabi/12.2.0/thumb/v8-m.main+fp/hard/libgcc.a(_udivmoddi4.o)
                0x0000000010000d58                __udivmoddi4
 *(SORT_BY_ALIGNMENT(.text.*))
 *fill*         0x0000000010000ff4        0x4 
 .text.z_cbvprintf_impl
                0x0000000010000ff8      0xd1c zephyr/libzephyr.a(cbprintf_complete.c.obj)
                0x0000000010000ff8                z_cbvprintf_impl
 *fill*         0x0000000010001d14        0x4 
 .text._svfprintf_r
                0x0000000010001d18     0x1994 /Users/anuj/untitled folder/zephyr-sdk-0.17.4/arm-zephyr-eabi/arm-zephyr-eabi/lib/thumb/v8-m.main+fp/hard/libc.a(lib_a-svfprintf.o)
                0x0000000010001d18                _svfprintf_r
 *fill*         0x00000000100036ac        0x4 
 .text._dtoa_r  0x00000000100036b0      0xe90 /Users/anuj/untitled folder/zephyr-sdk-0.17.4/arm-zephyr-eabi/arm-zephyr-eabi/lib/thumb/v8-m.main+fp/hard/libc.a(lib_a-dtoa.o)
                0x00000000100036b0                _dtoa_r
 .text.ssd1306_draw_string
                0x0000000010004540       0xe4 app/libapp.a(main.c.obj)
 .text.ssd1306_command
                0x0000000010004624       0x3c app/libapp.a(main.c.obj)
 .text.read_adc_channel
                0x0000000010004660       0xb8 app/libapp.a(main.c.obj)
 .text.set_relay
                0x0000000010004718       0x38 app/libapp.a(main.c.obj)
 .text.main     0x0000000010004750      0x3a4 app/libapp.a(main.c.obj)
                0x0000000010004750                main
 .text.cbvprintf_package
                0x0000000010004af4      0x3a4 zephyr/libzephyr.a(cbprintf_packaged.c.obj)
                0x0000000010004af4                cbvprintf_package
 .text.cbprintf_package_convert
                0x0000000010004e98      0x3d0 zephyr/libzephyr.a(cbprintf_packaged.c.obj)
                0x0000000010004e98                cbprintf_package_convert
 .text.__printk_hook_install
                0x0000000010005268        0xc zephyr/libzephyr.a(printk.c.obj)
                0x0000000010005268                __printk_hook_install
 .text.vsnprintk
                0x0000000010005274       0x2c zephyr/libzephyr.a(printk.c.obj)
                0x0000000010005274                vsnprintk
 .text.extract_decimal
                0x00000000100052a0       0x2c zephyr/libzephyr.a(cbprintf_complete.c.obj)
 .text.encode_uint
                0x00000000100052cc       0x9c zephyr/libzephyr.a(cbprintf_complete.c.obj)
 .text.activate_foreach_backend
                0x0000000010005368       0x64 zephyr/libzephyr.a(log_core.c.obj)
 .text.enable_logger
                0x00000000100053cc       0x5c zephyr/libzephyr.a(log_core.c.obj)
 .text.log_process_thread_timer_expiry_fn
                0x0000000010005428        0xc zephyr/libzephyr.a(log_core.c.obj)
 .text.z_log_init
                0x0000000010005434       0x94 zephyr/libzephyr.a(log_core.c.obj)
 .text.log_format_func_t_get
                0x00000000100054c8        0xc zephyr/libzephyr.a(log_core.c.obj)
                0x00000000100054c8                log_format_func_t_get
 .text.log_set_timestamp_func
                0x00000000100054d4       0x20 zephyr/libzephyr.a(log_core.c.obj)
                0x00000000100054d4                log_set_timestamp_func
 .text.z_log_notify_backend_enabled
                0x00000000100054f4       0x1c zephyr/libzephyr.a(log_core.c.obj)
                0x00000000100054f4                z_log_notify_backend_enabled
 .text.z_log_dropped
                0x0000000010005510       0x3c zephyr/libzephyr.a(log_core.c.obj)
                0x0000000010005510                z_log_dropped
 .text.z_log_dropped_read_and_clear
                0x000000001000554c       0x18 zephyr/libzephyr.a(log_core.c.obj)
                0x000000001000554c                z_log_dropped_read_and_clear
 .text.dropped_notify
                0x0000000010005564       0x30 zephyr/libzephyr.a(log_core.c.obj)
                0x0000000010005564                dropped_notify
 .text.z_log_msg_init
                0x0000000010005594       0x20 zephyr/libzephyr.a(log_core.c.obj)
                0x0000000010005594                z_log_msg_init
 .text.log_core_init
                0x00000000100055b4       0x50 zephyr/libzephyr.a(log_core.c.obj)
                0x00000000100055b4                log_core_init
 .text.z_log_msg_alloc
                0x0000000010005604       0x10 zephyr/libzephyr.a(log_core.c.obj)
                0x0000000010005604                z_log_msg_alloc
 .text.z_log_msg_local_claim
                0x0000000010005614        0xc zephyr/libzephyr.a(log_core.c.obj)
                0x0000000010005614                z_log_msg_local_claim
 .text.z_log_msg_free
                0x0000000010005620       0x10 zephyr/libzephyr.a(log_core.c.obj)
                0x0000000010005620                z_log_msg_free
 .text.z_log_msg_pending
                0x0000000010005630        0xc zephyr/libzephyr.a(log_core.c.obj)
                0x0000000010005630                z_log_msg_pending
 .text.z_impl_log_process
                0x000000001000563c       0xa4 zephyr/libzephyr.a(log_core.c.obj)
                0x000000001000563c                z_impl_log_process
 .text.z_impl_log_panic
                0x00000000100056e0       0x44 zephyr/libzephyr.a(log_core.c.obj)
                0x00000000100056e0                z_impl_log_panic
 .text.log_process_thread_func
                0x0000000010005724       0x9c zephyr/libzephyr.a(log_core.c.obj)
 .text.z_log_msg_post_finalize
                0x00000000100057c0       0x78 zephyr/libzephyr.a(log_core.c.obj)
 .text.z_log_msg_commit
                0x0000000010005838       0x24 zephyr/libzephyr.a(log_core.c.obj)
                0x0000000010005838                z_log_msg_commit
 .text.log_source_name_get
                0x000000001000585c       0x1c zephyr/libzephyr.a(log_mgmt.c.obj)
                0x000000001000585c                log_source_name_get
 .text.z_impl_z_log_msg_static_create
                0x0000000010005878      0x108 zephyr/libzephyr.a(log_msg.c.obj)
                0x0000000010005878                z_impl_z_log_msg_static_create
 .text.z_log_msg_runtime_vcreate
                0x0000000010005980       0xa0 zephyr/libzephyr.a(log_msg.c.obj)
                0x0000000010005980                z_log_msg_runtime_vcreate
 .text.log_msg_get_source_id
                0x0000000010005a20       0x18 zephyr/libzephyr.a(log_msg.c.obj)
                0x0000000010005a20                log_msg_get_source_id
 .text.print_formatted
                0x0000000010005a38       0x24 zephyr/libzephyr.a(log_output.c.obj)
 .text.newline_print
                0x0000000010005a5c       0x1c zephyr/libzephyr.a(log_output.c.obj)
 .text.log_output_process
                0x0000000010005a78      0x2dc zephyr/libzephyr.a(log_output.c.obj)
                0x0000000010005a78                log_output_process
 .text.log_output_dropped_process
                0x0000000010005d54       0x58 zephyr/libzephyr.a(log_output.c.obj)
                0x0000000010005d54                log_output_dropped_process
 .text.log_output_timestamp_freq_set
                0x0000000010005dac       0x2c zephyr/libzephyr.a(log_output.c.obj)
                0x0000000010005dac                log_output_timestamp_freq_set
 .text.char_out
                0x0000000010005dd8       0x24 zephyr/libzephyr.a(log_backend_uart.c.obj)
 .text.z_arm_fatal_error
                0x0000000010005dfc      0x120 zephyr/arch/arch/arm/core/libarch__arm__core.a(fatal.c.obj)
                0x0000000010005dfc                z_arm_fatal_error
 .text.z_SysNmiOnReset
                0x0000000010005f1c        0x8 zephyr/arch/arch/arm/core/libarch__arm__core.a(nmi_on_reset.S.obj)
                0x0000000010005f1c                z_SysNmiOnReset
 .text._HandlerModeExit
                0x0000000010005f24       0x20 zephyr/arch/arch/arm/core/cortex_m/libarch__arm__core__cortex_m.a(exc_exit.c.obj)
                0x0000000010005f24                z_arm_exc_exit
                0x0000000010005f24                z_arm_int_exit
 .text.mem_manage_fault.constprop.0
                0x0000000010005f44       0xd0 zephyr/arch/arch/arm/core/cortex_m/libarch__arm__core__cortex_m.a(fault.c.obj)
 .text.usage_fault.constprop.0
                0x0000000010006014       0xbc zephyr/arch/arch/arm/core/cortex_m/libarch__arm__core__cortex_m.a(fault.c.obj)
 .text.bus_fault.constprop.0
                0x00000000100060d0       0xd0 zephyr/arch/arch/arm/core/cortex_m/libarch__arm__core__cortex_m.a(fault.c.obj)
 .text.z_arm_fault
                0x00000000100061a0      0x1c4 zephyr/arch/arch/arm/core/cortex_m/libarch__arm__core__cortex_m.a(fault.c.obj)
                0x00000000100061a0                z_arm_fault
 .text.z_arm_fault_init
                0x0000000010006364       0x18 zephyr/arch/arch/arm/core/cortex_m/libarch__arm__core__cortex_m.a(fault.c.obj)
                0x0000000010006364                z_arm_fault_init
 .text.__fault  0x000000001000637c       0x14 zephyr/arch/arch/arm/core/cortex_m/libarch__arm__core__cortex_m.a(fault_s.S.obj)
                0x000000001000637c                z_arm_bus_fault
                0x000000001000637c                z_arm_usage_fault
                0x000000001000637c                z_arm_mpu_fault
                0x000000001000637c                z_arm_exc_spurious
                0x000000001000637c                z_arm_debug_monitor
                0x000000001000637c                z_arm_hard_fault
 .text._reset_section
                0x0000000010006390       0x38 zephyr/arch/arch/arm/core/cortex_m/libarch__arm__core__cortex_m.a(reset.S.obj)
                0x0000000010006390                z_arm_reset
                0x0000000010006390                __start
 .text.z_impl_k_thread_abort
                0x00000000100063c8       0x2c zephyr/arch/arch/arm/core/cortex_m/libarch__arm__core__cortex_m.a(thread_abort.c.obj)
                0x00000000100063c8                z_impl_k_thread_abort
 .text.z_arm_pendsv
                0x00000000100063f4       0x84 zephyr/arch/arch/arm/core/cortex_m/libarch__arm__core__cortex_m.a(swap_helper.S.obj)
                0x00000000100063f4                z_arm_pendsv
 .text.z_arm_svc
                0x0000000010006478       0x24 zephyr/arch/arch/arm/core/cortex_m/libarch__arm__core__cortex_m.a(swap_helper.S.obj)
                0x0000000010006478                z_arm_svc
 .text.arm_irq_enable
                0x000000001000649c       0x1c zephyr/arch/arch/arm/core/cortex_m/libarch__arm__core__cortex_m.a(irq_manage.c.obj)
                0x000000001000649c                arm_irq_enable
 .text.arm_irq_priority_set
                0x00000000100064b8       0x2c zephyr/arch/arch/arm/core/cortex_m/libarch__arm__core__cortex_m.a(irq_manage.c.obj)
                0x00000000100064b8                arm_irq_priority_set
 .text.relocate_vector_table
                0x00000000100064e4       0x1c zephyr/arch/arch/arm/core/cortex_m/libarch__arm__core__cortex_m.a(prep_c.c.obj)
                0x00000000100064e4                relocate_vector_table
 .text.z_prep_c
                0x0000000010006500       0x4c zephyr/arch/arch/arm/core/cortex_m/libarch__arm__core__cortex_m.a(prep_c.c.obj)
                0x0000000010006500                z_prep_c
 .text.arch_new_thread
                0x000000001000654c       0x40 zephyr/arch/arch/arm/core/cortex_m/libarch__arm__core__cortex_m.a(thread.c.obj)
                0x000000001000654c                arch_new_thread
 .text.arch_float_disable
                0x000000001000658c       0x48 zephyr/arch/arch/arm/core/cortex_m/libarch__arm__core__cortex_m.a(thread.c.obj)
                0x000000001000658c                arch_float_disable
 .text.arch_switch_to_main_thread
                0x00000000100065d4       0x48 zephyr/arch/arch/arm/core/cortex_m/libarch__arm__core__cortex_m.a(thread.c.obj)
                0x00000000100065d4                arch_switch_to_main_thread
 .text.z_arm_cpu_idle_init
                0x000000001000661c        0xc zephyr/arch/arch/arm/core/cortex_m/libarch__arm__core__cortex_m.a(cpu_idle.c.obj)
                0x000000001000661c                z_arm_cpu_idle_init
 .text.z_arm_interrupt_init
                0x0000000010006628       0x18 zephyr/arch/arch/arm/core/cortex_m/libarch__arm__core__cortex_m.a(irq_init.c.obj)
                0x0000000010006628                z_arm_interrupt_init
 .text._isr_wrapper
                0x0000000010006640       0x24 zephyr/arch/arch/arm/core/cortex_m/libarch__arm__core__cortex_m.a(isr_wrapper.c.obj)
                0x0000000010006640                _isr_wrapper
 .text.__stdout_hook_install
                0x0000000010006664        0xc zephyr/lib/libc/newlib/liblib__libc__newlib.a(libc-hooks.c.obj)
                0x0000000010006664                __stdout_hook_install
 .text.z_impl_zephyr_read_stdin
                0x0000000010006670       0x28 zephyr/lib/libc/newlib/liblib__libc__newlib.a(libc-hooks.c.obj)
                0x0000000010006670                z_impl_zephyr_read_stdin
 .text.z_impl_zephyr_write_stdout
                0x0000000010006698       0x30 zephyr/lib/libc/newlib/liblib__libc__newlib.a(libc-hooks.c.obj)
                0x0000000010006698                z_impl_zephyr_write_stdout
 .text._sbrk    0x00000000100066c8       0x28 zephyr/lib/libc/newlib/liblib__libc__newlib.a(libc-hooks.c.obj)
                0x00000000100066c8                _sbrk
                0x00000000100066c8                sbrk
 .text.abort    0x00000000100066f0       0x1c zephyr/lib/libc/common/liblib__libc__common.a(abort.c.obj)
                0x00000000100066f0                abort
 .text.adc_rpi_init
                0x000000001000670c       0x9c zephyr/drivers/adc/libdrivers__adc.a(adc_rpi_pico.c.obj)
 .text.adc_context_start_sampling
                0x00000000100067a8       0x58 zephyr/drivers/adc/libdrivers__adc.a(adc_rpi_pico.c.obj)
 .text.adc_rpi_channel_setup
                0x0000000010006800       0x64 zephyr/drivers/adc/libdrivers__adc.a(adc_rpi_pico.c.obj)
 .text.adc_rpi_read
                0x0000000010006864      0x120 zephyr/drivers/adc/libdrivers__adc.a(adc_rpi_pico.c.obj)
 .text.adc_rpi_isr
                0x0000000010006984       0xe4 zephyr/drivers/adc/libdrivers__adc.a(adc_rpi_pico.c.obj)
 .text.rpi_pico_rosc_write.constprop.0
                0x0000000010006a68       0x28 zephyr/drivers/clock_control/libdrivers__clock_control.a(clock_control_rpi_pico.c.obj)
 .text.rpi_pico_get_clock_src.isra.0
                0x0000000010006a90       0x9c zephyr/drivers/clock_control/libdrivers__clock_control.a(clock_control_rpi_pico.c.obj)
 .text.rpi_pico_calc_clock_freq
                0x0000000010006b2c      0x108 zephyr/drivers/clock_control/libdrivers__clock_control.a(clock_control_rpi_pico.c.obj)
 .text.clock_control_rpi_pico_init
                0x0000000010006c34      0x1d8 zephyr/drivers/clock_control/libdrivers__clock_control.a(clock_control_rpi_pico.c.obj)
 .text.uart_console_init
                0x0000000010006e0c       0x28 zephyr/drivers/console/libdrivers__console.a(uart_console.c.obj)
 .text.console_out
                0x0000000010006e34       0x28 zephyr/drivers/console/libdrivers__console.a(uart_console.c.obj)
 .text.gpio_rpi_get_pending_int
                0x0000000010006e5c       0x30 zephyr/drivers/gpio/libdrivers__gpio.a(gpio_rpi_pico.c.obj)
 .text.gpio_rpi_configure
                0x0000000010006e8c       0xc8 zephyr/drivers/gpio/libdrivers__gpio.a(gpio_rpi_pico.c.obj)
 .text.gpio_rpi_isr
                0x0000000010006f54       0x78 zephyr/drivers/gpio/libdrivers__gpio.a(gpio_rpi_pico.c.obj)
 .text.i2c_dw_initialize
                0x0000000010006fcc      0x10c zephyr/drivers/i2c/libdrivers__i2c.a(i2c_dw.c.obj)
 .text.i2c_dw_error_chk
                0x00000000100070d8      0x124 zephyr/drivers/i2c/libdrivers__i2c.a(i2c_dw.c.obj)
 .text.i2c_dw_isr
                0x00000000100071fc      0x214 zephyr/drivers/i2c/libdrivers__i2c.a(i2c_dw.c.obj)
 .text.pl011_runtime_configure_internal
                0x0000000010007410      0x150 zephyr/drivers/serial/libdrivers__serial.a(uart_pl011.c.obj)
 .text.elapsed  0x0000000010007560       0x4c zephyr/drivers/timer/libdrivers__timer.a(cortex_m_systick.c.obj)
 .text.sys_clock_driver_init
                0x00000000100075ac       0x38 zephyr/drivers/timer/libdrivers__timer.a(cortex_m_systick.c.obj)
 .text.sys_clock_isr
                0x00000000100075e4       0x60 zephyr/drivers/timer/libdrivers__timer.a(cortex_m_systick.c.obj)
                0x00000000100075e4                sys_clock_isr
 .text.sys_clock_set_timeout
                0x0000000010007644       0xfc zephyr/drivers/timer/libdrivers__timer.a(cortex_m_systick.c.obj)
                0x0000000010007644                sys_clock_set_timeout
 .text.sys_clock_elapsed
                0x0000000010007740       0x3c zephyr/drivers/timer/libdrivers__timer.a(cortex_m_systick.c.obj)
                0x0000000010007740                sys_clock_elapsed
 .text.clock_configure_internal
                0x000000001000777c       0xa4 modules/hal_rpi_pico/libmodules__hal_rpi_pico.a(clocks.c.obj)
 .text.clock_configure
                0x0000000010007820       0x5c modules/hal_rpi_pico/libmodules__hal_rpi_pico.a(clocks.c.obj)
                0x0000000010007820                clock_configure
 .text.pll_init
                0x000000001000787c       0xe0 modules/hal_rpi_pico/libmodules__hal_rpi_pico.a(pll.c.obj)
                0x000000001000787c                pll_init
 .text.xosc_init
                0x000000001000795c       0x28 modules/hal_rpi_pico/libmodules__hal_rpi_pico.a(xosc.c.obj)
                0x000000001000795c                xosc_init
 .text.gpio_set_function
                0x0000000010007984       0x38 modules/hal_rpi_pico/libmodules__hal_rpi_pico.a(gpio.c.obj)
                0x0000000010007984                gpio_set_function
 .text.gpio_set_pulls
                0x00000000100079bc       0x24 modules/hal_rpi_pico/libmodules__hal_rpi_pico.a(gpio.c.obj)
                0x00000000100079bc                gpio_set_pulls
 .text.gpio_set_input_hysteresis_enabled
                0x00000000100079e0       0x1c modules/hal_rpi_pico/libmodules__hal_rpi_pico.a(gpio.c.obj)
                0x00000000100079e0                gpio_set_input_hysteresis_enabled
 .text.gpio_set_slew_rate
                0x00000000100079fc       0x1c modules/hal_rpi_pico/libmodules__hal_rpi_pico.a(gpio.c.obj)
                0x00000000100079fc                gpio_set_slew_rate
 .text.gpio_set_drive_strength
                0x0000000010007a18       0x20 modules/hal_rpi_pico/libmodules__hal_rpi_pico.a(gpio.c.obj)
                0x0000000010007a18                gpio_set_drive_strength
 .text.gpio_acknowledge_irq
                0x0000000010007a38       0x18 modules/hal_rpi_pico/libmodules__hal_rpi_pico.a(gpio.c.obj)
                0x0000000010007a38                gpio_acknowledge_irq
 .text.gpio_set_irq_enabled
                0x0000000010007a50       0x44 modules/hal_rpi_pico/libmodules__hal_rpi_pico.a(gpio.c.obj)
                0x0000000010007a50                gpio_set_irq_enabled
 .text.gpio_set_input_enabled
                0x0000000010007a94       0x1c modules/hal_rpi_pico/libmodules__hal_rpi_pico.a(gpio.c.obj)
                0x0000000010007a94                gpio_set_input_enabled
 .text.runtime_init_per_core_enable_coprocessors
                0x0000000010007ab0       0x1c modules/hal_rpi_pico/libmodules__hal_rpi_pico.a(runtime_init.c.obj)
                0x0000000010007ab0                runtime_init_per_core_enable_coprocessors
 .text.k_sys_fatal_error_handler
                0x0000000010007acc       0x20 zephyr/kernel/libkernel.a(fatal.c.obj)
                0x0000000010007acc                k_sys_fatal_error_handler
 .text.z_fatal_error
                0x0000000010007aec       0xe8 zephyr/kernel/libkernel.a(fatal.c.obj)
                0x0000000010007aec                z_fatal_error
 .text.z_sys_init_run_level
                0x0000000010007bd4       0x30 zephyr/kernel/libkernel.a(init.c.obj)
 .text.bg_thread_main
                0x0000000010007c04       0xc0 zephyr/kernel/libkernel.a(init.c.obj)
 .text.z_bss_zero
                0x0000000010007cc4       0x18 zephyr/kernel/libkernel.a(init.c.obj)
                0x0000000010007cc4                z_bss_zero
 .text.z_init_cpu
                0x0000000010007cdc       0x68 zephyr/kernel/libkernel.a(init.c.obj)
                0x0000000010007cdc                z_init_cpu
 .text.z_cstart
                0x0000000010007d44       0xbc zephyr/kernel/libkernel.a(init.c.obj)
                0x0000000010007d44                z_cstart
 .text.z_impl_k_mutex_lock
                0x0000000010007e00       0xf0 zephyr/kernel/libkernel.a(mutex.c.obj)
                0x0000000010007e00                z_impl_k_mutex_lock
 .text.z_impl_k_mutex_unlock
                0x0000000010007ef0       0xa0 zephyr/kernel/libkernel.a(mutex.c.obj)
                0x0000000010007ef0                z_impl_k_mutex_unlock
 .text.z_impl_k_sem_give
                0x0000000010007f90       0x68 zephyr/kernel/libkernel.a(sem.c.obj)
                0x0000000010007f90                z_impl_k_sem_give
 .text.z_impl_k_sem_take
                0x0000000010007ff8       0x4c zephyr/kernel/libkernel.a(sem.c.obj)
                0x0000000010007ff8                z_impl_k_sem_take
 .text.z_impl_k_sem_reset
                0x0000000010008044       0x74 zephyr/kernel/libkernel.a(sem.c.obj)
                0x0000000010008044                z_impl_k_sem_reset
 .text.z_setup_new_thread
                0x00000000100080b8       0x54 zephyr/kernel/libkernel.a(thread.c.obj)
                0x00000000100080b8                z_setup_new_thread
 .text.z_impl_k_thread_create
                0x000000001000810c       0x58 zephyr/kernel/libkernel.a(thread.c.obj)
                0x000000001000810c                z_impl_k_thread_create
 .text.z_dummy_thread_init
                0x0000000010008164       0x18 zephyr/kernel/libkernel.a(thread.c.obj)
                0x0000000010008164                z_dummy_thread_init
 .text.z_swap_irqlock
                0x000000001000817c       0x30 zephyr/kernel/libkernel.a(sched.c.obj)
 .text.ready_thread
                0x00000000100081ac       0x84 zephyr/kernel/libkernel.a(sched.c.obj)
 .text.unready_thread
                0x0000000010008230       0x54 zephyr/kernel/libkernel.a(sched.c.obj)
 .text.add_thread_timeout
                0x0000000010008284       0x1c zephyr/kernel/libkernel.a(sched.c.obj)
 .text.move_thread_to_end_of_prio_q
                0x00000000100082a0       0x90 zephyr/kernel/libkernel.a(sched.c.obj)
                0x00000000100082a0                move_thread_to_end_of_prio_q
 .text.z_pend_curr
                0x0000000010008330       0x44 zephyr/kernel/libkernel.a(sched.c.obj)
                0x0000000010008330                z_pend_curr
 .text.z_thread_prio_set
                0x0000000010008374       0xe4 zephyr/kernel/libkernel.a(sched.c.obj)
                0x0000000010008374                z_thread_prio_set
 .text.z_reschedule
                0x0000000010008458       0x24 zephyr/kernel/libkernel.a(sched.c.obj)
                0x0000000010008458                z_reschedule
 .text.z_reschedule_irqlock
                0x000000001000847c       0x28 zephyr/kernel/libkernel.a(sched.c.obj)
                0x000000001000847c                z_reschedule_irqlock
 .text.k_sched_lock
                0x00000000100084a4       0x28 zephyr/kernel/libkernel.a(sched.c.obj)
                0x00000000100084a4                k_sched_lock
 .text.k_sched_unlock
                0x00000000100084cc       0x68 zephyr/kernel/libkernel.a(sched.c.obj)
                0x00000000100084cc                k_sched_unlock
 .text.z_sched_init
                0x0000000010008534       0x10 zephyr/kernel/libkernel.a(sched.c.obj)
                0x0000000010008534                z_sched_init
 .text.z_impl_k_yield
                0x0000000010008544       0x88 zephyr/kernel/libkernel.a(sched.c.obj)
                0x0000000010008544                z_impl_k_yield
 .text.z_tick_sleep
                0x00000000100085cc       0x78 zephyr/kernel/libkernel.a(sched.c.obj)
 .text.z_impl_k_wakeup
                0x0000000010008644       0x48 zephyr/kernel/libkernel.a(sched.c.obj)
                0x0000000010008644                z_impl_k_wakeup
 .text.z_impl_k_sched_current_thread_query
                0x000000001000868c        0xc zephyr/kernel/libkernel.a(sched.c.obj)
                0x000000001000868c                z_impl_k_sched_current_thread_query
 .text.z_thread_abort
                0x0000000010008698      0x140 zephyr/kernel/libkernel.a(sched.c.obj)
                0x0000000010008698                z_thread_abort
 .text.slice_timeout
                0x00000000100087d8       0x20 zephyr/kernel/libkernel.a(timeslicing.c.obj)
 .text.thread_is_sliceable
                0x00000000100087f8       0x3c zephyr/kernel/libkernel.a(timeslicing.c.obj)
                0x00000000100087f8                thread_is_sliceable
 .text.z_reset_time_slice
                0x0000000010008834       0x50 zephyr/kernel/libkernel.a(timeslicing.c.obj)
                0x0000000010008834                z_reset_time_slice
 .text.z_time_slice
                0x0000000010008884       0x60 zephyr/kernel/libkernel.a(timeslicing.c.obj)
                0x0000000010008884                z_time_slice
 .text.z_data_copy
                0x00000000100088e4       0x38 zephyr/kernel/libkernel.a(xip.c.obj)
                0x00000000100088e4                z_data_copy
 .text.first    0x000000001000891c       0x10 zephyr/kernel/libkernel.a(timeout.c.obj)
 .text.elapsed  0x000000001000892c       0x14 zephyr/kernel/libkernel.a(timeout.c.obj)
 .text.remove_timeout
                0x0000000010008940       0x38 zephyr/kernel/libkernel.a(timeout.c.obj)
 .text.z_add_timeout
                0x0000000010008978      0x120 zephyr/kernel/libkernel.a(timeout.c.obj)
                0x0000000010008978                z_add_timeout
 .text.sys_clock_announce
                0x0000000010008a98       0xb0 zephyr/kernel/libkernel.a(timeout.c.obj)
                0x0000000010008a98                sys_clock_announce
 .text.sys_clock_tick_get
                0x0000000010008b48       0x30 zephyr/kernel/libkernel.a(timeout.c.obj)
                0x0000000010008b48                sys_clock_tick_get
 .text.z_timer_expiration_handler
                0x0000000010008b78      0x110 zephyr/kernel/libkernel.a(timer.c.obj)
                0x0000000010008b78                z_timer_expiration_handler
 .text.z_impl_k_timer_start
                0x0000000010008c88       0x70 zephyr/kernel/libkernel.a(timer.c.obj)
                0x0000000010008c88                z_impl_k_timer_start
 .text.k_thread_system_pool_assign
                0x0000000010008cf8        0xc zephyr/kernel/libkernel.a(mempool.c.obj)
                0x0000000010008cf8                k_thread_system_pool_assign
 .text.boot_banner
                0x0000000010008d04        0xc zephyr/kernel/libkernel.a(banner.c.obj)
                0x0000000010008d04                boot_banner
 .text.statics_init
                0x0000000010008d10       0x24 zephyr/kernel/libkernel.a(kheap.c.obj)
 .text.__assert_func
                0x0000000010008d34       0x3c /Users/anuj/untitled folder/zephyr-sdk-0.17.4/arm-zephyr-eabi/arm-zephyr-eabi/lib/thumb/v8-m.main+fp/hard/libc.a(lib_a-assert.o)
                0x0000000010008d34                __assert_func
 .text.fiprintf
                0x0000000010008d70       0x28 /Users/anuj/untitled folder/zephyr-sdk-0.17.4/arm-zephyr-eabi/arm-zephyr-eabi/lib/thumb/v8-m.main+fp/hard/libc.a(lib_a-fiprintf.o)
                0x0000000010008d70                fiprintf
 .text.malloc   0x0000000010008d98       0x10 /Users/anuj/untitled folder/zephyr-sdk-0.17.4/arm-zephyr-eabi/arm-zephyr-eabi/lib/thumb/v8-m.main+fp/hard/libc.a(lib_a-malloc.o)
                0x0000000010008d98                malloc
 .text.free     0x0000000010008da8       0x10 /Users/anuj/untitled folder/zephyr-sdk-0.17.4/arm-zephyr-eabi/arm-zephyr-eabi/lib/thumb/v8-m.main+fp/hard/libc.a(lib_a-malloc.o)
                0x0000000010008da8                free
 .text._malloc_r
                0x0000000010008db8      0x580 /Users/anuj/untitled folder/zephyr-sdk-0.17.4/arm-zephyr-eabi/arm-zephyr-eabi/lib/thumb/v8-m.main+fp/hard/libc.a(lib_a-mallocr.o)
                0x0000000010008db8                _malloc_r
 .text.memset   0x0000000010009338       0xa8 /Users/anuj/untitled folder/zephyr-sdk-0.17.4/arm-zephyr-eabi/arm-zephyr-eabi/lib/thumb/v8-m.main+fp/hard/libc.a(lib_a-memset.o)
                0x0000000010009338                memset
 .text.__malloc_lock
                0x00000000100093e0        0xc /Users/anuj/untitled folder/zephyr-sdk-0.17.4/arm-zephyr-eabi/arm-zephyr-eabi/lib/thumb/v8-m.main+fp/hard/libc.a(lib_a-mlock.o)
                0x00000000100093e0                __malloc_lock
 .text.__malloc_unlock
                0x00000000100093ec        0xc /Users/anuj/untitled folder/zephyr-sdk-0.17.4/arm-zephyr-eabi/arm-zephyr-eabi/lib/thumb/v8-m.main+fp/hard/libc.a(lib_a-mlock.o)
                0x00000000100093ec                __malloc_unlock
 .text._sbrk_r  0x00000000100093f8       0x24 /Users/anuj/untitled folder/zephyr-sdk-0.17.4/arm-zephyr-eabi/arm-zephyr-eabi/lib/thumb/v8-m.main+fp/hard/libc.a(lib_a-sbrkr.o)
                0x00000000100093f8                _sbrk_r
 .text.snprintf
                0x000000001000941c       0x88 /Users/anuj/untitled folder/zephyr-sdk-0.17.4/arm-zephyr-eabi/arm-zephyr-eabi/lib/thumb/v8-m.main+fp/hard/libc.a(lib_a-snprintf.o)
                0x000000001000941c                snprintf
 .text.strcpy   0x00000000100094a4       0xbc /Users/anuj/untitled folder/zephyr-sdk-0.17.4/arm-zephyr-eabi/arm-zephyr-eabi/lib/thumb/v8-m.main+fp/hard/libc.a(lib_a-strcpy.o)
                0x00000000100094a4                strcpy
 .text.strlen   0x0000000010009560       0x5c /Users/anuj/untitled folder/zephyr-sdk-0.17.4/arm-zephyr-eabi/arm-zephyr-eabi/lib/thumb/v8-m.main+fp/hard/libc.a(lib_a-strlen-stub.o)
                0x0000000010009560                strlen
 .text.strnlen  0x00000000100095bc       0x24 /Users/anuj/untitled folder/zephyr-sdk-0.17.4/arm-zephyr-eabi/arm-zephyr-eabi/lib/thumb/v8-m.main+fp/hard/libc.a(lib_a-strnlen.o)
                0x00000000100095bc                strnlen
 .text._vfiprintf_r
                0x00000000100095e0      0xdb8 /Users/anuj/untitled folder/zephyr-sdk-0.17.4/arm-zephyr-eabi/arm-zephyr-eabi/lib/thumb/v8-m.main+fp/hard/libc.a(lib_a-vfiprintf.o)
                0x00000000100095e0                _vfiprintf_r
 .text.__sbprintf
                0x000000001000a398       0x80 /Users/anuj/untitled folder/zephyr-sdk-0.17.4/arm-zephyr-eabi/arm-zephyr-eabi/lib/thumb/v8-m.main+fp/hard/libc.a(lib_a-vfiprintf.o)
 .text.__swsetup_r
                0x000000001000a418       0xc4 /Users/anuj/untitled folder/zephyr-sdk-0.17.4/arm-zephyr-eabi/arm-zephyr-eabi/lib/thumb/v8-m.main+fp/hard/libc.a(lib_a-wsetup.o)
                0x000000001000a418                __swsetup_r
 .text.quorem   0x000000001000a4dc      0x138 /Users/anuj/untitled folder/zephyr-sdk-0.17.4/arm-zephyr-eabi/arm-zephyr-eabi/lib/thumb/v8-m.main+fp/hard/libc.a(lib_a-dtoa.o)
 .text.__sflush_r
                0x000000001000a614      0x120 /Users/anuj/untitled folder/zephyr-sdk-0.17.4/arm-zephyr-eabi/arm-zephyr-eabi/lib/thumb/v8-m.main+fp/hard/libc.a(lib_a-fflush.o)
                0x000000001000a614                __sflush_r
 .text._fflush_r
                0x000000001000a734       0x5c /Users/anuj/untitled folder/zephyr-sdk-0.17.4/arm-zephyr-eabi/arm-zephyr-eabi/lib/thumb/v8-m.main+fp/hard/libc.a(lib_a-fflush.o)
                0x000000001000a734                _fflush_r
 .text._cleanup_r
                0x000000001000a790        0xc /Users/anuj/untitled folder/zephyr-sdk-0.17.4/arm-zephyr-eabi/arm-zephyr-eabi/lib/thumb/v8-m.main+fp/hard/libc.a(lib_a-findfp.o)
                0x000000001000a790                _cleanup_r
 .text.__sinit  0x000000001000a79c      0x110 /Users/anuj/untitled folder/zephyr-sdk-0.17.4/arm-zephyr-eabi/arm-zephyr-eabi/lib/thumb/v8-m.main+fp/hard/libc.a(lib_a-findfp.o)
                0x000000001000a79c                __sinit
 .text._malloc_trim_r
                0x000000001000a8ac       0x9c /Users/anuj/untitled folder/zephyr-sdk-0.17.4/arm-zephyr-eabi/arm-zephyr-eabi/lib/thumb/v8-m.main+fp/hard/libc.a(lib_a-freer.o)
                0x000000001000a8ac                _malloc_trim_r
 .text._free_r  0x000000001000a948      0x1fc /Users/anuj/untitled folder/zephyr-sdk-0.17.4/arm-zephyr-eabi/arm-zephyr-eabi/lib/thumb/v8-m.main+fp/hard/libc.a(lib_a-freer.o)
                0x000000001000a948                _free_r
 .text.__sfvwrite_r
                0x000000001000ab44      0x300 /Users/anuj/untitled folder/zephyr-sdk-0.17.4/arm-zephyr-eabi/arm-zephyr-eabi/lib/thumb/v8-m.main+fp/hard/libc.a(lib_a-fvwrite.o)
                0x000000001000ab44                __sfvwrite_r
 .text._fwalk_reent
                0x000000001000ae44       0x48 /Users/anuj/untitled folder/zephyr-sdk-0.17.4/arm-zephyr-eabi/arm-zephyr-eabi/lib/thumb/v8-m.main+fp/hard/libc.a(lib_a-fwalk.o)
                0x000000001000ae44                _fwalk_reent
 .text._localeconv_r
                0x000000001000ae8c        0x8 /Users/anuj/untitled folder/zephyr-sdk-0.17.4/arm-zephyr-eabi/arm-zephyr-eabi/lib/thumb/v8-m.main+fp/hard/libc.a(lib_a-localeconv.o)
                0x000000001000ae8c                _localeconv_r
 .text.__smakebuf_r
                0x000000001000ae94       0xc8 /Users/anuj/untitled folder/zephyr-sdk-0.17.4/arm-zephyr-eabi/arm-zephyr-eabi/lib/thumb/v8-m.main+fp/hard/libc.a(lib_a-makebuf.o)
                0x000000001000ae94                __smakebuf_r
 .text.memchr   0x000000001000af5c       0x98 /Users/anuj/untitled folder/zephyr-sdk-0.17.4/arm-zephyr-eabi/arm-zephyr-eabi/lib/thumb/v8-m.main+fp/hard/libc.a(lib_a-memchr-stub.o)
                0x000000001000af5c                memchr
 .text.memmove  0x000000001000aff4      0x100 /Users/anuj/untitled folder/zephyr-sdk-0.17.4/arm-zephyr-eabi/arm-zephyr-eabi/lib/thumb/v8-m.main+fp/hard/libc.a(lib_a-memmove.o)
                0x000000001000aff4                memmove
 .text._Balloc  0x000000001000b0f4       0x4c /Users/anuj/untitled folder/zephyr-sdk-0.17.4/arm-zephyr-eabi/arm-zephyr-eabi/lib/thumb/v8-m.main+fp/hard/libc.a(lib_a-mprec.o)
                0x000000001000b0f4                _Balloc
 .text._Bfree   0x000000001000b140       0x14 /Users/anuj/untitled folder/zephyr-sdk-0.17.4/arm-zephyr-eabi/arm-zephyr-eabi/lib/thumb/v8-m.main+fp/hard/libc.a(lib_a-mprec.o)
                0x000000001000b140                _Bfree
 .text.__multadd
                0x000000001000b154       0xa4 /Users/anuj/untitled folder/zephyr-sdk-0.17.4/arm-zephyr-eabi/arm-zephyr-eabi/lib/thumb/v8-m.main+fp/hard/libc.a(lib_a-mprec.o)
                0x000000001000b154                __multadd
 .text.__hi0bits
                0x000000001000b1f8       0x48 /Users/anuj/untitled folder/zephyr-sdk-0.17.4/arm-zephyr-eabi/arm-zephyr-eabi/lib/thumb/v8-m.main+fp/hard/libc.a(lib_a-mprec.o)
                0x000000001000b1f8                __hi0bits
 .text.__lo0bits
                0x000000001000b240       0x60 /Users/anuj/untitled folder/zephyr-sdk-0.17.4/arm-zephyr-eabi/arm-zephyr-eabi/lib/thumb/v8-m.main+fp/hard/libc.a(lib_a-mprec.o)
                0x000000001000b240                __lo0bits
 .text.__i2b    0x000000001000b2a0       0x5c /Users/anuj/untitled folder/zephyr-sdk-0.17.4/arm-zephyr-eabi/arm-zephyr-eabi/lib/thumb/v8-m.main+fp/hard/libc.a(lib_a-mprec.o)
                0x000000001000b2a0                __i2b
 .text.__multiply
                0x000000001000b2fc      0x164 /Users/anuj/untitled folder/zephyr-sdk-0.17.4/arm-zephyr-eabi/arm-zephyr-eabi/lib/thumb/v8-m.main+fp/hard/libc.a(lib_a-mprec.o)
                0x000000001000b2fc                __multiply
 .text.__pow5mult
                0x000000001000b460       0xb4 /Users/anuj/untitled folder/zephyr-sdk-0.17.4/arm-zephyr-eabi/arm-zephyr-eabi/lib/thumb/v8-m.main+fp/hard/libc.a(lib_a-mprec.o)
                0x000000001000b460                __pow5mult
 .text.__lshift
                0x000000001000b514       0xe8 /Users/anuj/untitled folder/zephyr-sdk-0.17.4/arm-zephyr-eabi/arm-zephyr-eabi/lib/thumb/v8-m.main+fp/hard/libc.a(lib_a-mprec.o)
                0x000000001000b514                __lshift
 .text.__mcmp   0x000000001000b5fc       0x44 /Users/anuj/untitled folder/zephyr-sdk-0.17.4/arm-zephyr-eabi/arm-zephyr-eabi/lib/thumb/v8-m.main+fp/hard/libc.a(lib_a-mprec.o)
                0x000000001000b5fc                __mcmp
 .text.__mdiff  0x000000001000b640      0x160 /Users/anuj/untitled folder/zephyr-sdk-0.17.4/arm-zephyr-eabi/arm-zephyr-eabi/lib/thumb/v8-m.main+fp/hard/libc.a(lib_a-mprec.o)
                0x000000001000b640                __mdiff
 .text.__d2b    0x000000001000b7a0       0xc0 /Users/anuj/untitled folder/zephyr-sdk-0.17.4/arm-zephyr-eabi/arm-zephyr-eabi/lib/thumb/v8-m.main+fp/hard/libc.a(lib_a-mprec.o)
                0x000000001000b7a0                __d2b
 .text._realloc_r
                0x000000001000b860      0x370 /Users/anuj/untitled folder/zephyr-sdk-0.17.4/arm-zephyr-eabi/arm-zephyr-eabi/lib/thumb/v8-m.main+fp/hard/libc.a(lib_a-reallocr.o)
                0x000000001000b860                _realloc_r
 .text.frexp    0x000000001000bbd0       0x6c /Users/anuj/untitled folder/zephyr-sdk-0.17.4/arm-zephyr-eabi/arm-zephyr-eabi/lib/thumb/v8-m.main+fp/hard/libc.a(lib_a-s_frexp.o)
                0x000000001000bbd0                frexp
 .text.__sread  0x000000001000bc3c       0x24 /Users/anuj/untitled folder/zephyr-sdk-0.17.4/arm-zephyr-eabi/arm-zephyr-eabi/lib/thumb/v8-m.main+fp/hard/libc.a(lib_a-stdio.o)
                0x000000001000bc3c                __sread
 .text.__swrite
                0x000000001000bc60       0x40 /Users/anuj/untitled folder/zephyr-sdk-0.17.4/arm-zephyr-eabi/arm-zephyr-eabi/lib/thumb/v8-m.main+fp/hard/libc.a(lib_a-stdio.o)
                0x000000001000bc60                __swrite
 .text.__sseek  0x000000001000bca0       0x28 /Users/anuj/untitled folder/zephyr-sdk-0.17.4/arm-zephyr-eabi/arm-zephyr-eabi/lib/thumb/v8-m.main+fp/hard/libc.a(lib_a-stdio.o)
                0x000000001000bca0                __sseek
 .text.__sclose
                0x000000001000bcc8        0x8 /Users/anuj/untitled folder/zephyr-sdk-0.17.4/arm-zephyr-eabi/arm-zephyr-eabi/lib/thumb/v8-m.main+fp/hard/libc.a(lib_a-stdio.o)
                0x000000001000bcc8                __sclose
 .text.strncpy  0x000000001000bcd0       0x68 /Users/anuj/untitled folder/zephyr-sdk-0.17.4/arm-zephyr-eabi/arm-zephyr-eabi/lib/thumb/v8-m.main+fp/hard/libc.a(lib_a-strncpy.o)
                0x000000001000bcd0                strncpy
 .text.__ssprint_r
                0x000000001000bd38      0x10c /Users/anuj/untitled folder/zephyr-sdk-0.17.4/arm-zephyr-eabi/arm-zephyr-eabi/lib/thumb/v8-m.main+fp/hard/libc.a(lib_a-svfiprintf.o)
                0x000000001000bd38                __ssprint_r
 .text._write_r
                0x000000001000be44       0x2c /Users/anuj/untitled folder/zephyr-sdk-0.17.4/arm-zephyr-eabi/arm-zephyr-eabi/lib/thumb/v8-m.main+fp/hard/libc.a(lib_a-writer.o)
                0x000000001000be44                _write_r
 .text._calloc_r
                0x000000001000be70       0x60 /Users/anuj/untitled folder/zephyr-sdk-0.17.4/arm-zephyr-eabi/arm-zephyr-eabi/lib/thumb/v8-m.main+fp/hard/libc.a(lib_a-callocr.o)
                0x000000001000be70                _calloc_r
 .text._close_r
                0x000000001000bed0       0x24 /Users/anuj/untitled folder/zephyr-sdk-0.17.4/arm-zephyr-eabi/arm-zephyr-eabi/lib/thumb/v8-m.main+fp/hard/libc.a(lib_a-closer.o)
                0x000000001000bed0                _close_r
 .text._fstat_r
                0x000000001000bef4       0x2c /Users/anuj/untitled folder/zephyr-sdk-0.17.4/arm-zephyr-eabi/arm-zephyr-eabi/lib/thumb/v8-m.main+fp/hard/libc.a(lib_a-fstatr.o)
                0x000000001000bef4                _fstat_r
 .text._isatty_r
                0x000000001000bf20       0x24 /Users/anuj/untitled folder/zephyr-sdk-0.17.4/arm-zephyr-eabi/arm-zephyr-eabi/lib/thumb/v8-m.main+fp/hard/libc.a(lib_a-isattyr.o)
                0x000000001000bf20                _isatty_r
 .text._lseek_r
                0x000000001000bf44       0x2c /Users/anuj/untitled folder/zephyr-sdk-0.17.4/arm-zephyr-eabi/arm-zephyr-eabi/lib/thumb/v8-m.main+fp/hard/libc.a(lib_a-lseekr.o)
                0x000000001000bf44                _lseek_r
 .text.__ascii_mbtowc
                0x000000001000bf70       0x2c /Users/anuj/untitled folder/zephyr-sdk-0.17.4/arm-zephyr-eabi/arm-zephyr-eabi/lib/thumb/v8-m.main+fp/hard/libc.a(lib_a-mbtowc_r.o)
                0x000000001000bf70                __ascii_mbtowc
 .text._read_r  0x000000001000bf9c       0x2c /Users/anuj/untitled folder/zephyr-sdk-0.17.4/arm-zephyr-eabi/arm-zephyr-eabi/lib/thumb/v8-m.main+fp/hard/libc.a(lib_a-readr.o)
                0x000000001000bf9c                _read_r
 .text.__ascii_wctomb
                0x000000001000bfc8       0x1c /Users/anuj/untitled folder/zephyr-sdk-0.17.4/arm-zephyr-eabi/arm-zephyr-eabi/lib/thumb/v8-m.main+fp/hard/libc.a(lib_a-wctomb_r.o)
                0x000000001000bfc8                __ascii_wctomb
 .text._OffsetAbsSyms
                0x000000001000bfe4        0x2 zephyr/CMakeFiles/offsets.dir/./arch/arm/core/offsets/offsets.c.obj
                0x000000001000bfe4                _OffsetAbsSyms
 .text.chunk_field
                0x000000001000bfe6       0x16 zephyr/libzephyr.a(heap.c.obj)
 .text.chunk_set
                0x000000001000bffc       0x16 zephyr/libzephyr.a(heap.c.obj)
 .text.chunk_size
                0x000000001000c012        0xc zephyr/libzephyr.a(heap.c.obj)
 .text.set_chunk_used
                0x000000001000c01e       0x30 zephyr/libzephyr.a(heap.c.obj)
 .text.set_chunk_size
                0x000000001000c04e        0x8 zephyr/libzephyr.a(heap.c.obj)
 .text.bucket_idx.isra.0
                0x000000001000c056       0x1c zephyr/libzephyr.a(heap.c.obj)
 .text.free_list_add
                0x000000001000c072       0x84 zephyr/libzephyr.a(heap.c.obj)
 .text.sys_heap_init
                0x000000001000c0f6       0xb0 zephyr/libzephyr.a(heap.c.obj)
                0x000000001000c0f6                sys_heap_init
 .text.cbpprintf_external
                0x000000001000c1a6       0x62 zephyr/libzephyr.a(cbprintf_packaged.c.obj)
                0x000000001000c1a6                cbpprintf_external
 .text.is_ptr   0x000000001000c208       0x4a zephyr/libzephyr.a(cbprintf_packaged.c.obj)
                0x000000001000c208                is_ptr
 .text.arch_printk_char_out
                0x000000001000c252        0x4 zephyr/libzephyr.a(printk.c.obj)
                0x000000001000c252                arch_printk_char_out
 .text.str_out  0x000000001000c256       0x24 zephyr/libzephyr.a(printk.c.obj)
 .text.printk   0x000000001000c27a       0x1a zephyr/libzephyr.a(printk.c.obj)
                0x000000001000c27a                printk
 .text.snprintk
                0x000000001000c294       0x1a zephyr/libzephyr.a(printk.c.obj)
                0x000000001000c294                snprintk
 .text.z_thread_entry
                0x000000001000c2ae       0x14 zephyr/libzephyr.a(thread_entry.c.obj)
                0x000000001000c2ae                z_thread_entry
 .text._ldiv5   0x000000001000c2c2       0x30 zephyr/libzephyr.a(cbprintf_complete.c.obj)
 .text._get_digit
                0x000000001000c2f2       0x2e zephyr/libzephyr.a(cbprintf_complete.c.obj)
 .text.outs     0x000000001000c320       0x2e zephyr/libzephyr.a(cbprintf_complete.c.obj)
 .text.free_space
                0x000000001000c34e       0x26 zephyr/libzephyr.a(mpsc_pbuf.c.obj)
 .text.get_usage
                0x000000001000c374       0x22 zephyr/libzephyr.a(mpsc_pbuf.c.obj)
 .text.idx_inc  0x000000001000c396       0x1c zephyr/libzephyr.a(mpsc_pbuf.c.obj)
 .text.rd_idx_inc
                0x000000001000c3b2       0x18 zephyr/libzephyr.a(mpsc_pbuf.c.obj)
 .text.add_skip_item
                0x000000001000c3ca       0x3e zephyr/libzephyr.a(mpsc_pbuf.c.obj)
 .text.drop_item_locked
                0x000000001000c408       0xfe zephyr/libzephyr.a(mpsc_pbuf.c.obj)
 .text.post_drop_action
                0x000000001000c506       0x36 zephyr/libzephyr.a(mpsc_pbuf.c.obj)
 .text.max_utilization_update
                0x000000001000c53c       0x1a zephyr/libzephyr.a(mpsc_pbuf.c.obj)
 .text.mpsc_pbuf_init
                0x000000001000c556       0x42 zephyr/libzephyr.a(mpsc_pbuf.c.obj)
                0x000000001000c556                mpsc_pbuf_init
 .text.mpsc_pbuf_alloc
                0x000000001000c598       0xfe zephyr/libzephyr.a(mpsc_pbuf.c.obj)
                0x000000001000c598                mpsc_pbuf_alloc
 .text.mpsc_pbuf_commit
                0x000000001000c696       0x3e zephyr/libzephyr.a(mpsc_pbuf.c.obj)
                0x000000001000c696                mpsc_pbuf_commit
 .text.mpsc_pbuf_claim
                0x000000001000c6d4       0xa8 zephyr/libzephyr.a(mpsc_pbuf.c.obj)
                0x000000001000c6d4                mpsc_pbuf_claim
 .text.mpsc_pbuf_free
                0x000000001000c77c       0x76 zephyr/libzephyr.a(mpsc_pbuf.c.obj)
                0x000000001000c77c                mpsc_pbuf_free
 .text.mpsc_pbuf_is_pending
                0x000000001000c7f2       0x32 zephyr/libzephyr.a(mpsc_pbuf.c.obj)
                0x000000001000c7f2                mpsc_pbuf_is_pending
 .text._ConfigAbsSyms
                0x000000001000c824        0x2 zephyr/libzephyr.a(configs.c.obj)
                0x000000001000c824                _ConfigAbsSyms
 .text.log_msg_generic_get_wlen
                0x000000001000c826       0x20 zephyr/libzephyr.a(log_core.c.obj)
 .text.dummy_timestamp
                0x000000001000c846        0x4 zephyr/libzephyr.a(log_core.c.obj)
 .text.atomic_inc
                0x000000001000c84a       0x12 zephyr/libzephyr.a(log_core.c.obj)
 .text.default_lf_get_timestamp
                0x000000001000c85c        0x8 zephyr/libzephyr.a(log_core.c.obj)
 .text.z_log_vprintk
                0x000000001000c864       0x1c zephyr/libzephyr.a(log_core.c.obj)
                0x000000001000c864                z_log_vprintk
 .text.z_log_notify_drop
                0x000000001000c880        0x6 zephyr/libzephyr.a(log_core.c.obj)
 .text.z_log_get_tag
                0x000000001000c886        0x4 zephyr/libzephyr.a(log_core.c.obj)
                0x000000001000c886                z_log_get_tag
 .text.log_backend_enable
                0x000000001000c88a       0x12 zephyr/libzephyr.a(log_mgmt.c.obj)
                0x000000001000c88a                log_backend_enable
 .text.z_cbprintf_cpy
                0x000000001000c89c       0x2e zephyr/libzephyr.a(log_msg.c.obj)
 .text.z_log_msg_finalize
                0x000000001000c8ca       0x32 zephyr/libzephyr.a(log_msg.c.obj)
                0x000000001000c8ca                z_log_msg_finalize
 .text.z_log_msg_simple_create
                0x000000001000c8fc       0x6e zephyr/libzephyr.a(log_msg.c.obj)
 .text.z_impl_z_log_msg_simple_create_0
                0x000000001000c96a       0x12 zephyr/libzephyr.a(log_msg.c.obj)
                0x000000001000c96a                z_impl_z_log_msg_simple_create_0
 .text.z_impl_z_log_msg_simple_create_1
                0x000000001000c97c       0x14 zephyr/libzephyr.a(log_msg.c.obj)
                0x000000001000c97c                z_impl_z_log_msg_simple_create_1
 .text.log_output_write
                0x000000001000c990       0x1c zephyr/libzephyr.a(log_output.c.obj)
 .text.log_output_flush
                0x000000001000c9ac       0x1a zephyr/libzephyr.a(log_output.c.obj)
 .text.cbvprintf
                0x000000001000c9c6        0xe zephyr/libzephyr.a(log_output.c.obj)
 .text.out_func
                0x000000001000c9d4       0x2e zephyr/libzephyr.a(log_output.c.obj)
 .text.cr_out_func
                0x000000001000ca02       0x1c zephyr/libzephyr.a(log_output.c.obj)
 .text.log_output_msg_process
                0x000000001000ca1e       0x6a zephyr/libzephyr.a(log_output.c.obj)
                0x000000001000ca1e                log_output_msg_process
 .text.format_set
                0x000000001000ca88        0xc zephyr/libzephyr.a(log_backend_uart.c.obj)
 .text.log_backend_uart_init
                0x000000001000ca94        0xc zephyr/libzephyr.a(log_backend_uart.c.obj)
 .text.panic    0x000000001000caa0       0x32 zephyr/libzephyr.a(log_backend_uart.c.obj)
 .text.dropped  0x000000001000cad2        0xa zephyr/libzephyr.a(log_backend_uart.c.obj)
 .text.process  0x000000001000cadc       0x1e zephyr/libzephyr.a(log_backend_uart.c.obj)
 .text.z_do_kernel_oops
                0x000000001000cafa        0x8 zephyr/arch/arch/arm/core/libarch__arm__core.a(fatal.c.obj)
                0x000000001000cafa                z_do_kernel_oops
 .text.z_arm_nmi
                0x000000001000cb02        0xe zephyr/arch/arch/arm/core/libarch__arm__core.a(nmi.c.obj)
                0x000000001000cb02                z_arm_nmi
 .text.z_log_msg_simple_create_0.constprop.0
                0x000000001000cb10        0x8 zephyr/arch/arch/arm/core/cortex_m/libarch__arm__core__cortex_m.a(fault.c.obj)
 .text.z_irq_spurious
                0x000000001000cb18        0x8 zephyr/arch/arch/arm/core/cortex_m/libarch__arm__core__cortex_m.a(irq_manage.c.obj)
                0x000000001000cb18                z_irq_spurious
 .text.arch_irq_unlock_outlined
                0x000000001000cb20        0xe zephyr/arch/arch/arm/core/cortex_m/libarch__arm__core__cortex_m.a(thread.c.obj)
                0x000000001000cb20                arch_irq_unlock_outlined
 .text.arch_cpu_idle
                0x000000001000cb2e       0x1a zephyr/arch/arch/arm/core/cortex_m/libarch__arm__core__cortex_m.a(cpu_idle.c.obj)
                0x000000001000cb2e                arch_cpu_idle
 .text._stdin_hook_default
                0x000000001000cb48        0x4 zephyr/lib/libc/newlib/liblib__libc__newlib.a(libc-hooks.c.obj)
 .text._stdout_hook_default
                0x000000001000cb4c        0x6 zephyr/lib/libc/newlib/liblib__libc__newlib.a(libc-hooks.c.obj)
 .text.malloc_prepare
                0x000000001000cb52        0x4 zephyr/lib/libc/newlib/liblib__libc__newlib.a(libc-hooks.c.obj)
 .text._read    0x000000001000cb56        0x8 zephyr/lib/libc/newlib/liblib__libc__newlib.a(libc-hooks.c.obj)
                0x000000001000cb56                read
                0x000000001000cb56                _read
 .text._write   0x000000001000cb5e        0x8 zephyr/lib/libc/newlib/liblib__libc__newlib.a(libc-hooks.c.obj)
                0x000000001000cb5e                write
                0x000000001000cb5e                _write
 .text._close   0x000000001000cb66        0x6 zephyr/lib/libc/newlib/liblib__libc__newlib.a(libc-hooks.c.obj)
                0x000000001000cb66                close
                0x000000001000cb66                _close
 .text._lseek   0x000000001000cb6c        0x4 zephyr/lib/libc/newlib/liblib__libc__newlib.a(libc-hooks.c.obj)
                0x000000001000cb6c                lseek
                0x000000001000cb6c                _lseek
 .text._isatty  0x000000001000cb70        0xa zephyr/lib/libc/newlib/liblib__libc__newlib.a(libc-hooks.c.obj)
                0x000000001000cb70                isatty
                0x000000001000cb70                _isatty
 .text._fstat   0x000000001000cb7a        0xa zephyr/lib/libc/newlib/liblib__libc__newlib.a(libc-hooks.c.obj)
                0x000000001000cb7a                _fstat
                0x000000001000cb7a                fstat
 .text.__retarget_lock_init_recursive
                0x000000001000cb84       0x14 zephyr/lib/libc/newlib/liblib__libc__newlib.a(libc-hooks.c.obj)
                0x000000001000cb84                __retarget_lock_init_recursive
 .text.__retarget_lock_close_recursive
                0x000000001000cb98        0x4 zephyr/lib/libc/newlib/liblib__libc__newlib.a(libc-hooks.c.obj)
                0x000000001000cb98                __retarget_lock_close_recursive
 .text.__retarget_lock_acquire_recursive
                0x000000001000cb9c        0xc zephyr/lib/libc/newlib/liblib__libc__newlib.a(libc-hooks.c.obj)
                0x000000001000cb9c                __retarget_lock_acquire_recursive
 .text.__retarget_lock_release_recursive
                0x000000001000cba8        0x4 zephyr/lib/libc/newlib/liblib__libc__newlib.a(libc-hooks.c.obj)
                0x000000001000cba8                __retarget_lock_release_recursive
 .text.soc_reset_hook
                0x000000001000cbac        0x4 zephyr/soc/soc/rp2350a/rp2350/libsoc__raspberrypi__rpi_pico__rp2350.a(soc.c.obj)
                0x000000001000cbac                soc_reset_hook
 .text.adc_rpi_configure_func_0
                0x000000001000cbb0       0x16 zephyr/drivers/adc/libdrivers__adc.a(adc_rpi_pico.c.obj)
 .text.adc_context_on_timer_expired
                0x000000001000cbc6       0x2a zephyr/drivers/adc/libdrivers__adc.a(adc_rpi_pico.c.obj)
 .text.clock_control_rpi_pico_on
                0x000000001000cbf0       0x3c zephyr/drivers/clock_control/libdrivers__clock_control.a(clock_control_rpi_pico.c.obj)
 .text.clock_control_rpi_pico_off
                0x000000001000cc2c       0x3c zephyr/drivers/clock_control/libdrivers__clock_control.a(clock_control_rpi_pico.c.obj)
 .text.rpi_pico_is_clock_enabled.isra.0
                0x000000001000cc68       0x70 zephyr/drivers/clock_control/libdrivers__clock_control.a(clock_control_rpi_pico.c.obj)
 .text.clock_control_rpi_pico_get_status
                0x000000001000ccd8       0x18 zephyr/drivers/clock_control/libdrivers__clock_control.a(clock_control_rpi_pico.c.obj)
 .text.clock_control_rpi_pico_get_rate
                0x000000001000ccf0       0x20 zephyr/drivers/clock_control/libdrivers__clock_control.a(clock_control_rpi_pico.c.obj)
 .text.rpi_pico_clkid_tuple_reorder_by_dependencies
                0x000000001000cd10       0x4c zephyr/drivers/clock_control/libdrivers__clock_control.a(clock_control_rpi_pico.c.obj)
                0x000000001000cd10                rpi_pico_clkid_tuple_reorder_by_dependencies
 .text.gpio_rpi_port_get_raw
                0x000000001000cd5c        0xa zephyr/drivers/gpio/libdrivers__gpio.a(gpio_rpi_pico.c.obj)
 .text.gpio_rpi_port_set_bits_raw
                0x000000001000cd66       0x24 zephyr/drivers/gpio/libdrivers__gpio.a(gpio_rpi_pico.c.obj)
 .text.gpio_rpi_port_clear_bits_raw
                0x000000001000cd8a       0x24 zephyr/drivers/gpio/libdrivers__gpio.a(gpio_rpi_pico.c.obj)
 .text.gpio_rpi_port_toggle_bits
                0x000000001000cdae       0x16 zephyr/drivers/gpio/libdrivers__gpio.a(gpio_rpi_pico.c.obj)
 .text.gpio_rpi_manage_callback
                0x000000001000cdc4       0x52 zephyr/drivers/gpio/libdrivers__gpio.a(gpio_rpi_pico.c.obj)
 .text.gpio_rpi_bank_init
                0x000000001000ce16        0xe zephyr/drivers/gpio/libdrivers__gpio.a(gpio_rpi_pico.c.obj)
 .text.gpio_rpi_pin_interrupt_configure
                0x000000001000ce24       0x42 zephyr/drivers/gpio/libdrivers__gpio.a(gpio_rpi_pico.c.obj)
 .text.bank_0_config_func
                0x000000001000ce66       0x16 zephyr/drivers/gpio/libdrivers__gpio.a(gpio_rpi_pico.c.obj)
 .text.gpio_rpi_port_set_masked_raw
                0x000000001000ce7c       0x40 zephyr/drivers/gpio/libdrivers__gpio.a(gpio_rpi_pico.c.obj)
 .text.i2c_dw_runtime_configure
                0x000000001000cebc       0xd4 zephyr/drivers/i2c/libdrivers__i2c.a(i2c_dw.c.obj)
 .text.i2c_config_0
                0x000000001000cf90       0x16 zephyr/drivers/i2c/libdrivers__i2c.a(i2c_dw.c.obj)
 .text.i2c_config_1
                0x000000001000cfa6       0x16 zephyr/drivers/i2c/libdrivers__i2c.a(i2c_dw.c.obj)
 .text.i2c_recovery_bus.isra.0
                0x000000001000cfbc       0x16 zephyr/drivers/i2c/libdrivers__i2c.a(i2c_dw.c.obj)
 .text.i2c_dw_recovery_bus
                0x000000001000cfd2       0x2c zephyr/drivers/i2c/libdrivers__i2c.a(i2c_dw.c.obj)
                0x000000001000cfd2                i2c_dw_recovery_bus
 .text.i2c_dw_is_busy
                0x000000001000cffe       0x18 zephyr/drivers/i2c/libdrivers__i2c.a(i2c_dw.c.obj)
                0x000000001000cffe                i2c_dw_is_busy
 .text.i2c_dw_transfer
                0x000000001000d016      0x256 zephyr/drivers/i2c/libdrivers__i2c.a(i2c_dw.c.obj)
 .text.pinctrl_lookup_state
                0x000000001000d26c       0x26 zephyr/drivers/pinctrl/libdrivers__pinctrl.a(common.c.obj)
                0x000000001000d26c                pinctrl_lookup_state
 .text.pinctrl_configure_pins
                0x000000001000d292       0xc6 zephyr/drivers/pinctrl/libdrivers__pinctrl.a(pinctrl_rpi_pico.c.obj)
                0x000000001000d292                pinctrl_configure_pins
 .text.reset_rpi_init
                0x000000001000d358        0x4 zephyr/drivers/reset/libdrivers__reset.a(reset_rpi_pico.c.obj)
 .text.reset_rpi_read_register.isra.0
                0x000000001000d35c       0x2a zephyr/drivers/reset/libdrivers__reset.a(reset_rpi_pico.c.obj)
 .text.reset_rpi_update
                0x000000001000d386       0x64 zephyr/drivers/reset/libdrivers__reset.a(reset_rpi_pico.c.obj)
 .text.reset_rpi_line_assert
                0x000000001000d3ea        0x6 zephyr/drivers/reset/libdrivers__reset.a(reset_rpi_pico.c.obj)
 .text.reset_rpi_line_deassert
                0x000000001000d3f0        0x6 zephyr/drivers/reset/libdrivers__reset.a(reset_rpi_pico.c.obj)
 .text.reset_rpi_line_toggle
                0x000000001000d3f6       0x1a zephyr/drivers/reset/libdrivers__reset.a(reset_rpi_pico.c.obj)
 .text.reset_rpi_status
                0x000000001000d410       0x42 zephyr/drivers/reset/libdrivers__reset.a(reset_rpi_pico.c.obj)
 .text.pl011_poll_in
                0x000000001000d452       0x32 zephyr/drivers/serial/libdrivers__serial.a(uart_pl011.c.obj)
 .text.pl011_poll_out
                0x000000001000d484        0xe zephyr/drivers/serial/libdrivers__serial.a(uart_pl011.c.obj)
 .text.pl011_err_check
                0x000000001000d492       0x2a zephyr/drivers/serial/libdrivers__serial.a(uart_pl011.c.obj)
 .text.pl011_runtime_config_get
                0x000000001000d4bc       0x10 zephyr/drivers/serial/libdrivers__serial.a(uart_pl011.c.obj)
 .text.pl011_fifo_fill
                0x000000001000d4cc       0x20 zephyr/drivers/serial/libdrivers__serial.a(uart_pl011.c.obj)
 .text.pl011_fifo_read
                0x000000001000d4ec       0x20 zephyr/drivers/serial/libdrivers__serial.a(uart_pl011.c.obj)
 .text.pl011_irq_tx_enable
                0x000000001000d50c       0x4a zephyr/drivers/serial/libdrivers__serial.a(uart_pl011.c.obj)
 .text.pl011_irq_tx_disable
                0x000000001000d556       0x14 zephyr/drivers/serial/libdrivers__serial.a(uart_pl011.c.obj)
 .text.pl011_irq_tx_complete
                0x000000001000d56a       0x10 zephyr/drivers/serial/libdrivers__serial.a(uart_pl011.c.obj)
 .text.pl011_irq_tx_ready
                0x000000001000d57a       0x2c zephyr/drivers/serial/libdrivers__serial.a(uart_pl011.c.obj)
 .text.pl011_irq_rx_enable
                0x000000001000d5a6        0xe zephyr/drivers/serial/libdrivers__serial.a(uart_pl011.c.obj)
 .text.pl011_irq_rx_disable
                0x000000001000d5b4        0xe zephyr/drivers/serial/libdrivers__serial.a(uart_pl011.c.obj)
 .text.pl011_irq_rx_ready
                0x000000001000d5c2       0x26 zephyr/drivers/serial/libdrivers__serial.a(uart_pl011.c.obj)
 .text.pl011_irq_err_enable
                0x000000001000d5e8        0xe zephyr/drivers/serial/libdrivers__serial.a(uart_pl011.c.obj)
 .text.pl011_irq_err_disable
                0x000000001000d5f6        0xe zephyr/drivers/serial/libdrivers__serial.a(uart_pl011.c.obj)
 .text.pl011_irq_is_pending
                0x000000001000d604       0x1c zephyr/drivers/serial/libdrivers__serial.a(uart_pl011.c.obj)
 .text.pl011_irq_update
                0x000000001000d620        0x4 zephyr/drivers/serial/libdrivers__serial.a(uart_pl011.c.obj)
 .text.pl011_irq_callback_set
                0x000000001000d624        0x8 zephyr/drivers/serial/libdrivers__serial.a(uart_pl011.c.obj)
 .text.pl011_isr
                0x000000001000d62c       0x26 zephyr/drivers/serial/libdrivers__serial.a(uart_pl011.c.obj)
                0x000000001000d62c                pl011_isr
 .text.pwr_on_raspberrypi_pico_uart_0
                0x000000001000d652        0x4 zephyr/drivers/serial/libdrivers__serial.a(uart_pl011.c.obj)
 .text.clk_enable_raspberrypi_pico_uart_0
                0x000000001000d656        0x4 zephyr/drivers/serial/libdrivers__serial.a(uart_pl011.c.obj)
 .text.pl011_irq_config_func_0
                0x000000001000d65a       0x16 zephyr/drivers/serial/libdrivers__serial.a(uart_pl011.c.obj)
 .text.pl011_runtime_configure
                0x000000001000d670        0x6 zephyr/drivers/serial/libdrivers__serial.a(uart_pl011.c.obj)
 .text.pl011_init
                0x000000001000d676      0x11c zephyr/drivers/serial/libdrivers__serial.a(uart_pl011.c.obj)
 .text.tick_start
                0x000000001000d792       0x14 modules/hal_rpi_pico/libmodules__hal_rpi_pico.a(ticks.c.obj)
                0x000000001000d792                tick_start
 .text.gpio_set_irqover
                0x000000001000d7a6       0x1e modules/hal_rpi_pico/libmodules__hal_rpi_pico.a(gpio.c.obj)
                0x000000001000d7a6                gpio_set_irqover
 .text.gpio_set_inover
                0x000000001000d7c4       0x1e modules/hal_rpi_pico/libmodules__hal_rpi_pico.a(gpio.c.obj)
                0x000000001000d7c4                gpio_set_inover
 .text.gpio_set_outover
                0x000000001000d7e2       0x1e modules/hal_rpi_pico/libmodules__hal_rpi_pico.a(gpio.c.obj)
                0x000000001000d7e2                gpio_set_outover
 .text.gpio_set_oeover
                0x000000001000d800       0x1e modules/hal_rpi_pico/libmodules__hal_rpi_pico.a(gpio.c.obj)
                0x000000001000d800                gpio_set_oeover
 .text.gpio_init
                0x000000001000d81e       0x12 modules/hal_rpi_pico/libmodules__hal_rpi_pico.a(gpio.c.obj)
                0x000000001000d81e                gpio_init
 .text.z_device_state_init
                0x000000001000d830        0x2 zephyr/kernel/libkernel.a(device.c.obj)
                0x000000001000d830                z_device_state_init
 .text.z_impl_device_is_ready
                0x000000001000d832       0x16 zephyr/kernel/libkernel.a(device.c.obj)
                0x000000001000d832                z_impl_device_is_ready
 .text.arch_system_halt
                0x000000001000d848       0x10 zephyr/kernel/libkernel.a(fatal.c.obj)
                0x000000001000d848                arch_system_halt
 .text.do_device_init
                0x000000001000d858       0x2e zephyr/kernel/libkernel.a(init.c.obj)
 .text.z_early_memset
                0x000000001000d886        0x4 zephyr/kernel/libkernel.a(init.c.obj)
                0x000000001000d886                z_early_memset
 .text.z_early_memcpy
                0x000000001000d88a        0x4 zephyr/kernel/libkernel.a(init.c.obj)
                0x000000001000d88a                z_early_memcpy
 .text.idle     0x000000001000d88e       0x16 zephyr/kernel/libkernel.a(idle.c.obj)
                0x000000001000d88e                idle
 .text.adjust_owner_prio.isra.0
                0x000000001000d8a4       0x10 zephyr/kernel/libkernel.a(mutex.c.obj)
 .text.z_impl_k_mutex_init
                0x000000001000d8b4        0xe zephyr/kernel/libkernel.a(mutex.c.obj)
                0x000000001000d8b4                z_impl_k_mutex_init
 .text.z_impl_k_sem_init
                0x000000001000d8c2       0x18 zephyr/kernel/libkernel.a(sem.c.obj)
                0x000000001000d8c2                z_impl_k_sem_init
 .text.k_is_in_isr
                0x000000001000d8da        0xc zephyr/kernel/libkernel.a(thread.c.obj)
                0x000000001000d8da                k_is_in_isr
 .text.z_impl_k_thread_name_set
                0x000000001000d8e6        0x6 zephyr/kernel/libkernel.a(thread.c.obj)
                0x000000001000d8e6                z_impl_k_thread_name_set
 .text.k_thread_name_get
                0x000000001000d8ec        0x4 zephyr/kernel/libkernel.a(thread.c.obj)
                0x000000001000d8ec                k_thread_name_get
 .text.sys_dlist_remove
                0x000000001000d8f0       0x10 zephyr/kernel/libkernel.a(sched.c.obj)
 .text.unpend_thread_no_timeout
                0x000000001000d900       0x14 zephyr/kernel/libkernel.a(sched.c.obj)
 .text.add_to_waitq_locked
                0x000000001000d914       0x50 zephyr/kernel/libkernel.a(sched.c.obj)
 .text.z_ready_thread
                0x000000001000d964       0x1e zephyr/kernel/libkernel.a(sched.c.obj)
                0x000000001000d964                z_ready_thread
 .text.z_unpend_thread_no_timeout
                0x000000001000d982       0x22 zephyr/kernel/libkernel.a(sched.c.obj)
                0x000000001000d982                z_unpend_thread_no_timeout
 .text.z_sched_wake_thread
                0x000000001000d9a4       0x3a zephyr/kernel/libkernel.a(sched.c.obj)
                0x000000001000d9a4                z_sched_wake_thread
 .text.z_thread_timeout
                0x000000001000d9de        0x8 zephyr/kernel/libkernel.a(sched.c.obj)
                0x000000001000d9de                z_thread_timeout
 .text.z_unpend1_no_timeout
                0x000000001000d9e6       0x2c zephyr/kernel/libkernel.a(sched.c.obj)
                0x000000001000d9e6                z_unpend1_no_timeout
 .text.z_impl_k_sleep
                0x000000001000da12       0x34 zephyr/kernel/libkernel.a(sched.c.obj)
                0x000000001000da12                z_impl_k_sleep
 .text.next_timeout
                0x000000001000da46       0x2e zephyr/kernel/libkernel.a(timeout.c.obj)
 .text.z_abort_timeout
                0x000000001000da74       0x50 zephyr/kernel/libkernel.a(timeout.c.obj)
                0x000000001000da74                z_abort_timeout
 .text.sys_clock_tick_get_32
                0x000000001000dac4        0x8 zephyr/kernel/libkernel.a(timeout.c.obj)
                0x000000001000dac4                sys_clock_tick_get_32
 .text.z_impl_k_uptime_ticks
                0x000000001000dacc        0x4 zephyr/kernel/libkernel.a(timeout.c.obj)
                0x000000001000dacc                z_impl_k_uptime_ticks
 .text.k_timer_init
                0x000000001000dad0       0x18 zephyr/kernel/libkernel.a(timer.c.obj)
                0x000000001000dad0                k_timer_init
 .text.z_impl_k_timer_stop
                0x000000001000dae8       0x38 zephyr/kernel/libkernel.a(timer.c.obj)
                0x000000001000dae8                z_impl_k_timer_stop
 .text.k_heap_init
                0x000000001000db20       0x12 zephyr/kernel/libkernel.a(kheap.c.obj)
                0x000000001000db20                k_heap_init
 *(SORT_BY_ALIGNMENT(.TEXT.*))
 *(SORT_BY_ALIGNMENT(.gnu.linkonce.t.*))
 *(SORT_BY_ALIGNMENT(.glue_7t))
 .glue_7t       0x000000001000db32        0x0 linker stubs
 *(SORT_BY_ALIGNMENT(.glue_7))
 .glue_7        0x000000001000db32        0x0 linker stubs
 *(SORT_BY_ALIGNMENT(.vfp11_veneer))
 .vfp11_veneer  0x000000001000db32        0x0 linker stubs
 *(SORT_BY_ALIGNMENT(.v4_bx))
 .v4_bx         0x000000001000db32        0x0 linker stubs
                0x000000001000db34                . = ALIGN (0x4)
 *fill*         0x000000001000db32        0x2 
                0x000000001000db34                __text_region_end = .

.ARM.exidx      0x000000001000db34        0x8
                0x000000001000db34                __exidx_start = .
 *(SORT_BY_ALIGNMENT(.ARM.exidx*) SORT_BY_ALIGNMENT(gnu.linkonce.armexidx.*))
 .ARM.exidx     0x000000001000db34        0x8 /Users/anuj/untitled folder/zephyr-sdk-0.17.4/arm-zephyr-eabi/bin/../lib/gcc/arm-zephyr-eabi/12.2.0/thumb/v8-m.main+fp/hard/libgcc.a(_udivmoddi4.o)
                0x000000001000db3c                __exidx_end = .
                0x000000001000db3c                __rodata_region_start = .

initlevel       0x000000001000db3c       0x60
                0x000000001000db3c                __init_start = .
                0x000000001000db3c                __init_EARLY_start = .
 *(SORT_BY_NAME(SORT_BY_ALIGNMENT(.z_init_EARLY_P_?_*)))
 *(SORT_BY_NAME(SORT_BY_ALIGNMENT(.z_init_EARLY_P_??_*)))
 *(SORT_BY_NAME(SORT_BY_ALIGNMENT(.z_init_EARLY_P_???_*)))
                0x000000001000db3c                __init_PRE_KERNEL_1_start = .
 *(SORT_BY_NAME(SORT_BY_ALIGNMENT(.z_init_PRE_KERNEL_1_P_?_*)))
 *(SORT_BY_NAME(SORT_BY_ALIGNMENT(.z_init_PRE_KERNEL_1_P_??_*)))
 .z_init_PRE_KERNEL_1_P_30_SUB_00025_
                0x000000001000db3c        0x8 zephyr/drivers/clock_control/libdrivers__clock_control.a(clock_control_rpi_pico.c.obj)
 .z_init_PRE_KERNEL_1_P_30_SUB_0_
                0x000000001000db44        0x8 zephyr/kernel/libkernel.a(kheap.c.obj)
 .z_init_PRE_KERNEL_1_P_35_SUB_00027_
                0x000000001000db4c        0x8 zephyr/drivers/reset/libdrivers__reset.a(reset_rpi_pico.c.obj)
 .z_init_PRE_KERNEL_1_P_50_SUB_00065_
                0x000000001000db54        0x8 zephyr/drivers/serial/libdrivers__serial.a(uart_pl011.c.obj)
 .z_init_PRE_KERNEL_1_P_60_SUB_0_
                0x000000001000db5c        0x8 zephyr/drivers/console/libdrivers__console.a(uart_console.c.obj)
 *(SORT_BY_NAME(SORT_BY_ALIGNMENT(.z_init_PRE_KERNEL_1_P_???_*)))
                0x000000001000db64                __init_PRE_KERNEL_2_start = .
 *(SORT_BY_NAME(SORT_BY_ALIGNMENT(.z_init_PRE_KERNEL_2_P_?_*)))
 .z_init_PRE_KERNEL_2_P_0_SUB_0_
                0x000000001000db64        0x8 zephyr/drivers/timer/libdrivers__timer.a(cortex_m_systick.c.obj)
 *(SORT_BY_NAME(SORT_BY_ALIGNMENT(.z_init_PRE_KERNEL_2_P_??_*)))
 *(SORT_BY_NAME(SORT_BY_ALIGNMENT(.z_init_PRE_KERNEL_2_P_???_*)))
                0x000000001000db6c                __init_POST_KERNEL_start = .
 *(SORT_BY_NAME(SORT_BY_ALIGNMENT(.z_init_POST_KERNEL_P_?_*)))
 .z_init_POST_KERNEL_P_0_SUB_0_
                0x000000001000db6c        0x8 zephyr/libzephyr.a(log_core.c.obj)
 *(SORT_BY_NAME(SORT_BY_ALIGNMENT(.z_init_POST_KERNEL_P_??_*)))
 .z_init_POST_KERNEL_P_35_SUB_0_
                0x000000001000db74        0x8 zephyr/lib/libc/newlib/liblib__libc__newlib.a(libc-hooks.c.obj)
 .z_init_POST_KERNEL_P_40_SUB_00034_
                0x000000001000db7c        0x8 zephyr/drivers/gpio/libdrivers__gpio.a(gpio_rpi_pico.c.obj)
 .z_init_POST_KERNEL_P_50_SUB_00028_
                0x000000001000db84        0x8 zephyr/drivers/adc/libdrivers__adc.a(adc_rpi_pico.c.obj)
 .z_init_POST_KERNEL_P_50_SUB_00054_
                0x000000001000db8c        0x8 zephyr/drivers/i2c/libdrivers__i2c.a(i2c_dw.c.obj)
 .z_init_POST_KERNEL_P_50_SUB_00055_
                0x000000001000db94        0x8 zephyr/drivers/i2c/libdrivers__i2c.a(i2c_dw.c.obj)
 *(SORT_BY_NAME(SORT_BY_ALIGNMENT(.z_init_POST_KERNEL_P_???_*)))
                0x000000001000db9c                __init_APPLICATION_start = .
 *(SORT_BY_NAME(SORT_BY_ALIGNMENT(.z_init_APPLICATION_P_?_*)))
 *(SORT_BY_NAME(SORT_BY_ALIGNMENT(.z_init_APPLICATION_P_??_*)))
 *(SORT_BY_NAME(SORT_BY_ALIGNMENT(.z_init_APPLICATION_P_???_*)))
                0x000000001000db9c                __init_SMP_start = .
 *(SORT_BY_NAME(SORT_BY_ALIGNMENT(.z_init_SMP_P_?_*)))
 *(SORT_BY_NAME(SORT_BY_ALIGNMENT(.z_init_SMP_P_??_*)))
 *(SORT_BY_NAME(SORT_BY_ALIGNMENT(.z_init_SMP_P_???_*)))
                0x000000001000db9c                __init_end = .

device_area     0x000000001000db9c       0xe0
                0x000000001000db9c                _device_list_start = .
 *(SORT_BY_NAME(SORT_BY_ALIGNMENT(._device.static.*_?_*)))
 *(SORT_BY_NAME(SORT_BY_ALIGNMENT(._device.static.*_??_*)))
 ._device.static.1_30_
                0x000000001000db9c       0x20 zephyr/drivers/clock_control/libdrivers__clock_control.a(clock_control_rpi_pico.c.obj)
                0x000000001000db9c                __device_dts_ord_25
 ._device.static.1_35_
                0x000000001000dbbc       0x20 zephyr/drivers/reset/libdrivers__reset.a(reset_rpi_pico.c.obj)
                0x000000001000dbbc                __device_dts_ord_27
 ._device.static.1_50_
                0x000000001000dbdc       0x20 zephyr/drivers/serial/libdrivers__serial.a(uart_pl011.c.obj)
                0x000000001000dbdc                __device_dts_ord_65
 ._device.static.3_40_
                0x000000001000dbfc       0x20 zephyr/drivers/gpio/libdrivers__gpio.a(gpio_rpi_pico.c.obj)
                0x000000001000dbfc                __device_dts_ord_34
 ._device.static.3_50_
                0x000000001000dc1c       0x20 zephyr/drivers/adc/libdrivers__adc.a(adc_rpi_pico.c.obj)
                0x000000001000dc1c                __device_dts_ord_28
 ._device.static.3_50_
                0x000000001000dc3c       0x40 zephyr/drivers/i2c/libdrivers__i2c.a(i2c_dw.c.obj)
                0x000000001000dc3c                __device_dts_ord_55
                0x000000001000dc5c                __device_dts_ord_54
 *(SORT_BY_NAME(SORT_BY_ALIGNMENT(._device.static.*_???_*)))
 *(SORT_BY_NAME(SORT_BY_ALIGNMENT(._device.static.*_????_*)))
 *(SORT_BY_NAME(SORT_BY_ALIGNMENT(._device.static.*_?????_*)))
                0x000000001000dc7c                _device_list_end = .

sw_isr_table    0x000000001000dc7c      0x1a0
                0x000000001000dc7c                . = ALIGN (0x4)
 *(SORT_BY_ALIGNMENT(.gnu.linkonce.sw_isr_table*))
 .gnu.linkonce.sw_isr_table
                0x000000001000dc7c      0x1a0 zephyr/CMakeFiles/zephyr_final.dir/isr_tables.c.obj
                0x000000001000dc7c                _sw_isr_table

initlevel_error
                0x000000001000db3c        0x0
 *(SORT_BY_NAME(SORT_BY_ALIGNMENT(.z_init_*)))
                0x0000000000000001                ASSERT ((SIZEOF (initlevel_error) == 0x0), Undefined initialization levels used.)

app_shmem_regions
                0x000000001000de1c        0x0
                0x000000001000de1c                __app_shmem_regions_start = .
 *(SORT_BY_NAME(SORT_BY_ALIGNMENT(.app_regions.*)))
                0x000000001000de1c                __app_shmem_regions_end = .

k_p4wq_initparam_area
                0x000000001000de1c        0x0
                0x000000001000de1c                _k_p4wq_initparam_list_start = .
 *(SORT_BY_NAME(SORT_BY_ALIGNMENT(._k_p4wq_initparam.static.*)))
                0x000000001000de1c                _k_p4wq_initparam_list_end = .

_static_thread_data_area
                0x000000001000de1c        0x0
                0x000000001000de1c                __static_thread_data_list_start = .
 *(SORT_BY_NAME(SORT_BY_ALIGNMENT(.__static_thread_data.static.*)))
                0x000000001000de1c                __static_thread_data_list_end = .

device_deps     0x000000001000de1c        0x0
                0x000000001000de1c                __device_deps_start = .
 *(SORT_BY_NAME(SORT_BY_ALIGNMENT(.__device_deps_pass2*)))
                0x000000001000de1c                __device_deps_end = .

adc_driver_api_area
                0x000000001000de1c        0xc
                0x000000001000de1c                _adc_driver_api_list_start = .
 *(SORT_BY_NAME(SORT_BY_ALIGNMENT(._adc_driver_api.static.*)))
 ._adc_driver_api.static.adc_rpi_api_0_
                0x000000001000de1c        0xc zephyr/drivers/adc/libdrivers__adc.a(adc_rpi_pico.c.obj)
                0x000000001000de28                _adc_driver_api_list_end = .

gpio_driver_api_area
                0x000000001000de28       0x24
                0x000000001000de28                _gpio_driver_api_list_start = .
 *(SORT_BY_NAME(SORT_BY_ALIGNMENT(._gpio_driver_api.static.*)))
 ._gpio_driver_api.static.gpio_rpi_driver_api_
                0x000000001000de28       0x24 zephyr/drivers/gpio/libdrivers__gpio.a(gpio_rpi_pico.c.obj)
                0x000000001000de4c                _gpio_driver_api_list_end = .

i2c_driver_api_area
                0x000000001000de4c       0x18
                0x000000001000de4c                _i2c_driver_api_list_start = .
 *(SORT_BY_NAME(SORT_BY_ALIGNMENT(._i2c_driver_api.static.*)))
 ._i2c_driver_api.static.funcs_
                0x000000001000de4c       0x18 zephyr/drivers/i2c/libdrivers__i2c.a(i2c_dw.c.obj)
                0x000000001000de64                _i2c_driver_api_list_end = .

i2c_target_driver_api_area
                0x000000001000de64        0x0
                0x000000001000de64                _i2c_target_driver_api_list_start = .
 *(SORT_BY_NAME(SORT_BY_ALIGNMENT(._i2c_target_driver_api.static.*)))
                0x000000001000de64                _i2c_target_driver_api_list_end = .

reset_driver_api_area
                0x000000001000de64       0x10
                0x000000001000de64                _reset_driver_api_list_start = .
 *(SORT_BY_NAME(SORT_BY_ALIGNMENT(._reset_driver_api.static.*)))
 ._reset_driver_api.static.reset_rpi_driver_api_
                0x000000001000de64       0x10 zephyr/drivers/reset/libdrivers__reset.a(reset_rpi_pico.c.obj)
                0x000000001000de74                _reset_driver_api_list_end = .

shared_irq_driver_api_area
                0x000000001000de74        0x0
                0x000000001000de74                _shared_irq_driver_api_list_start = .
 *(SORT_BY_NAME(SORT_BY_ALIGNMENT(._shared_irq_driver_api.static.*)))
                0x000000001000de74                _shared_irq_driver_api_list_end = .

crypto_driver_api_area
                0x000000001000de74        0x0
                0x000000001000de74                _crypto_driver_api_list_start = .
 *(SORT_BY_NAME(SORT_BY_ALIGNMENT(._crypto_driver_api.static.*)))
                0x000000001000de74                _crypto_driver_api_list_end = .

auxdisplay_driver_api_area
                0x000000001000de74        0x0
                0x000000001000de74                _auxdisplay_driver_api_list_start = .
 *(SORT_BY_NAME(SORT_BY_ALIGNMENT(._auxdisplay_driver_api.static.*)))
                0x000000001000de74                _auxdisplay_driver_api_list_end = .

bbram_driver_api_area
                0x000000001000de74        0x0
                0x000000001000de74                _bbram_driver_api_list_start = .
 *(SORT_BY_NAME(SORT_BY_ALIGNMENT(._bbram_driver_api.static.*)))
                0x000000001000de74                _bbram_driver_api_list_end = .

bt_hci_driver_api_area
                0x000000001000de74        0x0
                0x000000001000de74                _bt_hci_driver_api_list_start = .
 *(SORT_BY_NAME(SORT_BY_ALIGNMENT(._bt_hci_driver_api.static.*)))
                0x000000001000de74                _bt_hci_driver_api_list_end = .

can_driver_api_area
                0x000000001000de74        0x0
                0x000000001000de74                _can_driver_api_list_start = .
 *(SORT_BY_NAME(SORT_BY_ALIGNMENT(._can_driver_api.static.*)))
                0x000000001000de74                _can_driver_api_list_end = .

cellular_driver_api_area
                0x000000001000de74        0x0
                0x000000001000de74                _cellular_driver_api_list_start = .
 *(SORT_BY_NAME(SORT_BY_ALIGNMENT(._cellular_driver_api.static.*)))
                0x000000001000de74                _cellular_driver_api_list_end = .

charger_driver_api_area
                0x000000001000de74        0x0
                0x000000001000de74                _charger_driver_api_list_start = .
 *(SORT_BY_NAME(SORT_BY_ALIGNMENT(._charger_driver_api.static.*)))
                0x000000001000de74                _charger_driver_api_list_end = .

clock_control_driver_api_area
                0x000000001000de74       0x1c
                0x000000001000de74                _clock_control_driver_api_list_start = .
 *(SORT_BY_NAME(SORT_BY_ALIGNMENT(._clock_control_driver_api.static.*)))
 ._clock_control_driver_api.static.clock_control_rpi_pico_api_
                0x000000001000de74       0x1c zephyr/drivers/clock_control/libdrivers__clock_control.a(clock_control_rpi_pico.c.obj)
                0x000000001000de90                _clock_control_driver_api_list_end = .

comparator_driver_api_area
                0x000000001000de90        0x0
                0x000000001000de90                _comparator_driver_api_list_start = .
 *(SORT_BY_NAME(SORT_BY_ALIGNMENT(._comparator_driver_api.static.*)))
                0x000000001000de90                _comparator_driver_api_list_end = .

coredump_driver_api_area
                0x000000001000de90        0x0
                0x000000001000de90                _coredump_driver_api_list_start = .
 *(SORT_BY_NAME(SORT_BY_ALIGNMENT(._coredump_driver_api.static.*)))
                0x000000001000de90                _coredump_driver_api_list_end = .

counter_driver_api_area
                0x000000001000de90        0x0
                0x000000001000de90                _counter_driver_api_list_start = .
 *(SORT_BY_NAME(SORT_BY_ALIGNMENT(._counter_driver_api.static.*)))
                0x000000001000de90                _counter_driver_api_list_end = .

dac_driver_api_area
                0x000000001000de90        0x0
                0x000000001000de90                _dac_driver_api_list_start = .
 *(SORT_BY_NAME(SORT_BY_ALIGNMENT(._dac_driver_api.static.*)))
                0x000000001000de90                _dac_driver_api_list_end = .

dai_driver_api_area
                0x000000001000de90        0x0
                0x000000001000de90                _dai_driver_api_list_start = .
 *(SORT_BY_NAME(SORT_BY_ALIGNMENT(._dai_driver_api.static.*)))
                0x000000001000de90                _dai_driver_api_list_end = .

display_driver_api_area
                0x000000001000de90        0x0
                0x000000001000de90                _display_driver_api_list_start = .
 *(SORT_BY_NAME(SORT_BY_ALIGNMENT(._display_driver_api.static.*)))
                0x000000001000de90                _display_driver_api_list_end = .

dma_driver_api_area
                0x000000001000de90        0x0
                0x000000001000de90                _dma_driver_api_list_start = .
 *(SORT_BY_NAME(SORT_BY_ALIGNMENT(._dma_driver_api.static.*)))
                0x000000001000de90                _dma_driver_api_list_end = .

edac_driver_api_area
                0x000000001000de90        0x0
                0x000000001000de90                _edac_driver_api_list_start = .
 *(SORT_BY_NAME(SORT_BY_ALIGNMENT(._edac_driver_api.static.*)))
                0x000000001000de90                _edac_driver_api_list_end = .

eeprom_driver_api_area
                0x000000001000de90        0x0
                0x000000001000de90                _eeprom_driver_api_list_start = .
 *(SORT_BY_NAME(SORT_BY_ALIGNMENT(._eeprom_driver_api.static.*)))
                0x000000001000de90                _eeprom_driver_api_list_end = .

emul_bbram_driver_api_area
                0x000000001000de90        0x0
                0x000000001000de90                _emul_bbram_driver_api_list_start = .
 *(SORT_BY_NAME(SORT_BY_ALIGNMENT(._emul_bbram_driver_api.static.*)))
                0x000000001000de90                _emul_bbram_driver_api_list_end = .

fuel_gauge_emul_driver_api_area
                0x000000001000de90        0x0
                0x000000001000de90                _fuel_gauge_emul_driver_api_list_start = .
 *(SORT_BY_NAME(SORT_BY_ALIGNMENT(._fuel_gauge_emul_driver_api.static.*)))
                0x000000001000de90                _fuel_gauge_emul_driver_api_list_end = .

emul_sensor_driver_api_area
                0x000000001000de90        0x0
                0x000000001000de90                _emul_sensor_driver_api_list_start = .
 *(SORT_BY_NAME(SORT_BY_ALIGNMENT(._emul_sensor_driver_api.static.*)))
                0x000000001000de90                _emul_sensor_driver_api_list_end = .

entropy_driver_api_area
                0x000000001000de90        0x0
                0x000000001000de90                _entropy_driver_api_list_start = .
 *(SORT_BY_NAME(SORT_BY_ALIGNMENT(._entropy_driver_api.static.*)))
                0x000000001000de90                _entropy_driver_api_list_end = .

espi_driver_api_area
                0x000000001000de90        0x0
                0x000000001000de90                _espi_driver_api_list_start = .
 *(SORT_BY_NAME(SORT_BY_ALIGNMENT(._espi_driver_api.static.*)))
                0x000000001000de90                _espi_driver_api_list_end = .

espi_saf_driver_api_area
                0x000000001000de90        0x0
                0x000000001000de90                _espi_saf_driver_api_list_start = .
 *(SORT_BY_NAME(SORT_BY_ALIGNMENT(._espi_saf_driver_api.static.*)))
                0x000000001000de90                _espi_saf_driver_api_list_end = .

flash_driver_api_area
                0x000000001000de90        0x0
                0x000000001000de90                _flash_driver_api_list_start = .
 *(SORT_BY_NAME(SORT_BY_ALIGNMENT(._flash_driver_api.static.*)))
                0x000000001000de90                _flash_driver_api_list_end = .

fpga_driver_api_area
                0x000000001000de90        0x0
                0x000000001000de90                _fpga_driver_api_list_start = .
 *(SORT_BY_NAME(SORT_BY_ALIGNMENT(._fpga_driver_api.static.*)))
                0x000000001000de90                _fpga_driver_api_list_end = .

fuel_gauge_driver_api_area
                0x000000001000de90        0x0
                0x000000001000de90                _fuel_gauge_driver_api_list_start = .